Microchip MPLAB XC8 Compiler V2.31

Linker command line:

-W-3 --edf=C:\Program Files\Microchip\xc8\v2.31\pic\dat\en_msgs.txt -cn \
  -h+dist/default/debug\Rear.X.debug.sym \
  --cmf=dist/default/debug\Rear.X.debug.cmf -z -Q18LF67K40 \
  -oC:\Users\imada\AppData\Local\Temp\s6ic.2 --defsym=__MPLAB_BUILD=1 \
  -Mdist/default/debug/Rear.X.debug.map -E1 -ver=XC8 Compiler --acfsm=1493 \
  -ASTACK=0B1h-0DE9h -pstack=STACK -ACODE=00h-01FFFFh -ACONST=00h-01FFFFh \
  -ASMALLCONST=0E00h-0EFFhx498 -AMEDIUMCONST=0E00h-0FFFFh,010E00h-01FFFFh \
  -ACOMRAM=01h-05Fh -AABS1=00h-0DE9h -ABIGRAM=01h-0DE9h \
  -ARAM=060h-0FFh,0100h-01FFhx12,0D00h-0DE9h -ABANK0=060h-0FFh \
  -ABANK1=0100h-01FFh -ABANK2=0200h-02FFh -ABANK3=0300h-03FFh \
  -ABANK4=0400h-04FFh -ABANK5=0500h-05FFh -ABANK6=0600h-06FFh \
  -ABANK7=0700h-07FFh -ABANK8=0800h-08FFh -ABANK9=0900h-09FFh \
  -ABANK10=0A00h-0AFFh -ABANK11=0B00h-0BFFh -ABANK12=0C00h-0CFFh \
  -ABANK13=0D00h-0DE9h \
  -ASFR=0DEFh-0DFFh,0E00h-0EFFh,0F00h-0F5Fh,0F60h-0FFFh \
  -ACONFIG=0300000h-030000Bh -AIDLOC=0200000h-020000Fh \
  -AEEDATA=0310000h-03103FFh -peeprom_data=EEDATA \
  -preset_vec=00h,intcode,intcodelo,powerup,init -pramtop=0E00h \
  -psmallconst=SMALLCONST -pmediumconst=MEDIUMCONST -pconst=CONST \
  -AFARRAM=00h-00h \
  -prdata=COMRAM,nvrram=COMRAM,nvbit=COMRAM,rbss=COMRAM,rbit=COMRAM \
  -pfarbss=FARRAM,fardata=FARRAM,nvFARRAM=FARRAM \
  -pintsave_regs=BIGRAM,bigbss=BIGRAM,bigdata=BIGRAM -pbss=RAM \
  -pidata=CODE,irdata=CODE,ibigdata=CODE,ifardata=CODE -prparam=COMRAM \
  C:\Users\imada\AppData\Local\Temp\s6ic.o \
  dist/default/debug\Rear.X.debug.o 

Object code version is 3.11

Machine type is 18LF67K40



                Name                               Link     Load   Length Selector   Space Scale
C:\Users\imada\AppData\Local\Temp\s6ic.o
                idloc                            200000   200000       10        0       5
                config                           300000   300000        C        0       4
                init                                  0        0        4        0       0
dist/default/debug\Rear.X.debug.o
                idloc                            200000   200000       10        0       5
                config                           300000   300000        C        0       4
                mediumconst                        FC22     FC22      3DE     7E11       0
                text48                            11AD4    11AD4      224     8000       0
                text47                            11EDE    11EDE      1B8     8000       0
                text46                            11CF8    11CF8      1E6     8000       0
                text45                            12E86    12E86       4A     8000       0
                text44                            110F0    110F0      42A     8000       0
                text43                            1283A    1283A      106     8000       0
                text42                            12096    12096      1B4     8000       0
                text41                            131A8    131A8       26     8000       0
                text40                            13084    13084       38     8000       0
                text39                            12E34    12E34       52     8000       0
                text38                            1224A    1224A      1A4     8000       0
                text37                            123EE    123EE      188     8000       0
                text36                            12576    12576      164     8000       0
                text35                            12F98    12F98       40     8000       0
                text34                            12F56    12F56       42     8000       0
                text33                            132C0    132C0        A     9960       0
                text32                            12BA0    12BA0       96     8000       0
                text31                            12ED0    12ED0       44     8000       0
                text30                            130BC    130BC       36     8000       0
                text29                            12A1E    12A1E       C6     8000       0
                text28                            1151A    1151A      2E2     8000       0
                text27                            12FD8    12FD8       3C     8000       0
                text26                            1304C    1304C       38     8000       0
                text25                            13014    13014       38     8000       0
                text24                            12D7C    12D7C       5E     8000       0
                text23                            117FC    117FC      2D8     8000       0
                text22                            10C74    10C74      47C     8000       0
                text21                            12CB4    12CB4       66     8000       0
                text20                            13180    13180       28     8000       0
                text19                            10000    10000      C74     8000       0
                text18                            12F14    12F14       42     8000       0
                text17                            12DDA    12DDA       5A     8000       0
                text16                            1326A    1326A       14     8000       0
                text15                            13256    13256       14     8000       0
                text14                            131CE    131CE       20     8000       0
                text13                            132A2    132A2       12     8000       0
                text12                            13290    13290       12     8000       0
                text11                            1327E    1327E       12     8000       0
                text10                            13158    13158       28     8000       0
                text9                             12940    12940       DE     8000       0
                text8                             126DA    126DA      160     8000       0
                text7                             12C36    12C36       7E     8000       0
                text6                             1323C    1323C       1A     8000       0
                text5                             13222    13222       1A     8000       0
                text4                             13208    13208       1A     8000       0
                text3                             131EE    131EE       1A     8000       0
                text2                             12AE4    12AE4       BC     8000       0
                text1                             130F2    130F2       34     8000       0
                text0                             12D1A    12D1A       62     8000       0
                cstackCOMRAM                          1        1       5E        1       1
                cstackBANK0                          88       88       1E       60       1
                dataBANK0                            A6       A6        B       60       1
                bssBANK0                             60       60       28       60       1
                cinit                             13126    13126       32     8000       0
                idataBANK0                        132B4    132B4        B     8000       0

TOTAL           Name                               Link     Load   Length     Space
        CLASS   STACK          

        CLASS   CODE           
                init                                  0        0        4         0
                text48                            11AD4    11AD4      224         0
                text47                            11EDE    11EDE      1B8         0
                text46                            11CF8    11CF8      1E6         0
                text45                            12E86    12E86       4A         0
                text44                            110F0    110F0      42A         0
                text43                            1283A    1283A      106         0
                text42                            12096    12096      1B4         0
                text41                            131A8    131A8       26         0
                text40                            13084    13084       38         0
                text39                            12E34    12E34       52         0
                text38                            1224A    1224A      1A4         0
                text37                            123EE    123EE      188         0
                text36                            12576    12576      164         0
                text35                            12F98    12F98       40         0
                text34                            12F56    12F56       42         0
                text33                            132C0    132C0        A         0
                text32                            12BA0    12BA0       96         0
                text31                            12ED0    12ED0       44         0
                text30                            130BC    130BC       36         0
                text29                            12A1E    12A1E       C6         0
                text28                            1151A    1151A      2E2         0
                text27                            12FD8    12FD8       3C         0
                text26                            1304C    1304C       38         0
                text25                            13014    13014       38         0
                text24                            12D7C    12D7C       5E         0
                text23                            117FC    117FC      2D8         0
                text22                            10C74    10C74      47C         0
                text21                            12CB4    12CB4       66         0
                text20                            13180    13180       28         0
                text19                            10000    10000      C74         0
                text18                            12F14    12F14       42         0
                text17                            12DDA    12DDA       5A         0
                text16                            1326A    1326A       14         0
                text15                            13256    13256       14         0
                text14                            131CE    131CE       20         0
                text13                            132A2    132A2       12         0
                text12                            13290    13290       12         0
                text11                            1327E    1327E       12         0
                text10                            13158    13158       28         0
                text9                             12940    12940       DE         0
                text8                             126DA    126DA      160         0
                text7                             12C36    12C36       7E         0
                text6                             1323C    1323C       1A         0
                text5                             13222    13222       1A         0
                text4                             13208    13208       1A         0
                text3                             131EE    131EE       1A         0
                text2                             12AE4    12AE4       BC         0
                text1                             130F2    130F2       34         0
                text0                             12D1A    12D1A       62         0
                cinit                             13126    13126       32         0
                idataBANK0                        132B4    132B4        B         0

        CLASS   CONST          

        CLASS   SMALLCONST     

        CLASS   MEDIUMCONST    
                mediumconst                        FC22     FC22      3DE         0

        CLASS   COMRAM         
                cstackCOMRAM                          1        1       5E         1

        CLASS   ABS1           

        CLASS   BIGRAM         

        CLASS   RAM            

        CLASS   BANK0          
                cstackBANK0                          88       88       1E         1
                dataBANK0                            A6       A6        B         1
                bssBANK0                             60       60       28         1

        CLASS   BANK1          

        CLASS   BANK2          

        CLASS   BANK3          

        CLASS   BANK4          

        CLASS   BANK5          

        CLASS   BANK6          

        CLASS   BANK7          

        CLASS   BANK8          

        CLASS   BANK9          

        CLASS   BANK10         

        CLASS   BANK11         

        CLASS   BANK12         

        CLASS   BANK13         

        CLASS   SFR            

        CLASS   CONFIG         
                config                           300000   300000        C         4

        CLASS   IDLOC          
                idloc                            200000   200000       10         5

        CLASS   EEDATA         

        CLASS   FARRAM         



SEGMENTS        Name                           Load    Length   Top    Selector   Space  Class

                reset_vec                      000000  000004  000004         0       0  CODE    
                cstackCOMRAM                   000001  00005E  00005F         1       1  COMRAM  
                bssBANK0                       000060  000051  0000B1        60       1  BANK0   
                mediumconst                    00FC22  0003DE  010000      7E11       0  MEDIUMCO
                text19                         010000  0032BF  0132BF      8000       0  CODE    
                text33                         0132C0  00000A  0132CA      9960       0  CODE    


UNUSED ADDRESS RANGES

        Name                Unused          Largest block    Delta
        BANK0            0000B1-0000FF               4F
        BANK1            000100-0001FF              100
        BANK10           000A00-000AFF              100
        BANK11           000B00-000BFF              100
        BANK12           000C00-000CFF              100
        BANK13           000D00-000DE9               EA
        BANK2            000200-0002FF              100
        BANK3            000300-0003FF              100
        BANK4            000400-0004FF              100
        BANK5            000500-0005FF              100
        BANK6            000600-0006FF              100
        BANK7            000700-0007FF              100
        BANK8            000800-0008FF              100
        BANK9            000900-0009FF              100
        BIGRAM           00005F-00005F                1
                         0000B1-000DE9              D39
        CODE             000004-00FC21             FC1E
                         0132BF-0132BF                1
                         0132CA-01FFFF             CD36
        COMRAM           00005F-00005F                1
        CONST            000004-00FC21             FC1E
                         0132BF-0132BF                1
                         0132CA-01FFFF             CD36
        EEDATA           310000-3103FF              400
        MEDIUMCONST      000E00-00FC21             EE22
                         0132BF-0132BF                1
                         0132CA-01FFFF             CD36
        RAM              0000B1-000DE9              100
        SFR              000DEF-000FFF              100
        SMALLCONST       000E00-00FC21              100
                         0132BF-0132BF                1
                         0132CA-01FFFF              100
        STACK            0000B1-000DE9              D39

                                  Symbol Table

?___aodiv                                    cstackCOMRAM 000001
?___aomod                                    cstackCOMRAM 000001
?___flmul                                    cstackCOMRAM 00000F
?___fltol                                    cstackCOMRAM 000028
?___wmul                                     cstackCOMRAM 000001
?___xxtofl                                   cstackCOMRAM 000001
?_abs                                        cstackCOMRAM 000013
?_atoi                                       cstackCOMRAM 000008
?_dtoa                                       cstackCOMRAM 00001E
?_isalpha                                    cstackCOMRAM 000001
?_isdigit                                    cstackCOMRAM 000001
?_islower                                    cstackCOMRAM 000001
?_isspace                                    cstackCOMRAM 000001
?_isupper                                    cstackCOMRAM 000001
?_ow_read_word                               cstackCOMRAM 000001
?_pad                                        cstackCOMRAM 000013
?_printf                                     cstackCOMRAM 000057
?_strlen                                     cstackCOMRAM 000001
?_toupper                                    cstackCOMRAM 000007
?_vfpfcnvrt                                  cstackCOMRAM 000045
?_vfprintf                                   cstackCOMRAM 00004F
?_xtoa                                       cstackCOMRAM 00001E
MAX17320_dump@data                           cstackCOMRAM 00005D
MAX17320_init@data                           cstackBANK0  0000A3
MAX17320_init@r                              cstackBANK0  0000A5
MAX17320_init@x                              cstackBANK0  0000A1
MAX17320_read_word@address                   cstackCOMRAM 000007
MAX17320_read_word@data                      cstackCOMRAM 000009
MAX17320_write_word@address                  cstackCOMRAM 000003
MAX17320_write_word@data                     cstackCOMRAM 000005
MAX17345_dump@data                           cstackBANK0  0000A3
MAX17345_init@r                              cstackCOMRAM 00005D
MAX17345_read_word@command                   cstackCOMRAM 000003
MAX17345_read_word@data                      cstackCOMRAM 000005
MAX17345_read_word@dataH                     cstackCOMRAM 00000B
MAX17345_read_word@dataL                     cstackCOMRAM 00000C
MAX17345_read_word@r                         cstackCOMRAM 00000D
MAX17345_set_charge_current@charge_current   cstackCOMRAM 000007
MAX17345_set_charge_current@r                cstackCOMRAM 000009
MAX17345_set_charge_voltage@charge_voltage   cstackCOMRAM 000007
MAX17345_set_charge_voltage@r                cstackCOMRAM 000009
MAX17345_set_input_current@input_current     cstackCOMRAM 000007
MAX17345_set_input_current@r                 cstackCOMRAM 000009
MAX17345_set_relearn_voltage@r               cstackCOMRAM 000009
MAX17345_set_relearn_voltage@relearn_voltage cstackCOMRAM 000007
MAX17345_write_word@command                  cstackCOMRAM 000002
MAX17345_write_word@data                     cstackCOMRAM 000004
MAX17345_write_word@r                        cstackCOMRAM 000006
SendCharUSB@d                                cstackCOMRAM 000001
_ANSELF                                      (abs)        000EB4
_ANSELFbits                                  (abs)        000EB4
_ANSELGbits                                  (abs)        000EBC
_BAUD5CON                                    (abs)        000EE2
_INLVLCbits                                  (abs)        000E9E
_LATCbits                                    (abs)        000F7B
_LATD7                                       (abs)        007BE7
_LATF0                                       (abs)        007BF0
_MAX17320_dump                               text19       010000
_MAX17320_init                               text17       012DDA
_MAX17320_read_word                          text45       012E86
_MAX17320_write_word                         text18       012F14
_MAX17345_dump                               text8        0126DA
_MAX17345_dump$2027                          cstackBANK0  0000A1
_MAX17345_init                               text2        012AE4
_MAX17345_read_word                          text9        012940
_MAX17345_set_charge_current                 text6        01323C
_MAX17345_set_charge_voltage                 text5        013222
_MAX17345_set_input_current                  text4        013208
_MAX17345_set_relearn_voltage                text3        0131EE
_MAX17345_write_word                         text7        012C36
_ODCONCbits                                  (abs)        000EA0
_ODCONFbits                                  (abs)        000EB2
_OSCCON1                                     (abs)        000E43
_OSCFRQ                                      (abs)        000E49
_PIR4bits                                    (abs)        000E37
_PORTCbits                                   (abs)        000F8B
_RC3PPS                                      (abs)        000E65
_RC4PPS                                      (abs)        000E66
_RC5STA                                      (abs)        000EE0
_RF5                                         (abs)        007C75
_RF6                                         (abs)        007C76
_RF7                                         (abs)        007C77
_RG3PPS                                      (abs)        000E85
_RX5PPSbits                                  (abs)        000E17
_SP5BRGL                                     (abs)        000EDE
_SSP1ADD                                     (abs)        000F92
_SSP1BUF                                     (abs)        000F91
_SSP1CLKPPS                                  (abs)        000E19
_SSP1CON1                                    (abs)        000F95
_SSP1CON1bits                                (abs)        000F95
_SSP1CON2                                    (abs)        000F96
_SSP1CON2bits                                (abs)        000F96
_SSP1CON3                                    (abs)        000F97
_SSP1DATPPS                                  (abs)        000E1A
_SSP1STAT                                    (abs)        000F94
_SSP1STATbits                                (abs)        000F94
_SendCharUSB                                 text34       012F56
_TBLPTRU                                     (abs)        000FF8
_TRISAbits                                   (abs)        000F81
_TRISCbits                                   (abs)        000F83
_TRISDbits                                   (abs)        000F84
_TRISFbits                                   (abs)        000F86
_TRISGbits                                   (abs)        000F87
_TX5REG                                      (abs)        000EDD
_TX5STA                                      (abs)        000EE1
_WPUC                                        (abs)        000EA1
_WPUCbits                                    (abs)        000EA1
_WPUE                                        (abs)        000EAE
_WREG                                        (abs)        000FE8
__HRAM                                       (abs)        000000
__Habs1                                      abs1         000000
__Hbank0                                     bank0        000000
__Hbank1                                     bank1        000000
__Hbank10                                    bank10       000000
__Hbank11                                    bank11       000000
__Hbank12                                    bank12       000000
__Hbank13                                    bank13       000000
__Hbank2                                     bank2        000000
__Hbank3                                     bank3        000000
__Hbank4                                     bank4        000000
__Hbank5                                     bank5        000000
__Hbank6                                     bank6        000000
__Hbank7                                     bank7        000000
__Hbank8                                     bank8        000000
__Hbank9                                     bank9        000000
__Hbigbss                                    bigbss       000000
__Hbigdata                                   bigdata      000000
__Hbigram                                    bigram       000000
__Hbss                                       bss          000000
__HbssBANK0                                  bssBANK0     000000
__Hcinit                                     cinit        000000
__Hclrtext                                   clrtext      000000
__Hcomram                                    comram       000000
__Hconfig                                    config       30000C
__Hconst                                     const        000000
__HcstackBANK0                               cstackBANK0  000000
__HcstackCOMRAM                              cstackCOMRAM 000000
__Hdata                                      data         000000
__HdataBANK0                                 dataBANK0    000000
__Heeprom_data                               eeprom_data  000000
__Hfarbss                                    farbss       000000
__Hfardata                                   fardata      000000
__Hibigdata                                  ibigdata     000000
__Hidata                                     idata        000000
__HidataBANK0                                idataBANK0   000000
__Hidloc                                     idloc        200010
__Hifardata                                  ifardata     000000
__Hinit                                      init         000004
__Hintcode                                   intcode      000000
__Hintcode_body                              intcode_body 000000
__Hintcodelo                                 intcodelo    000000
__Hintentry                                  intentry     000000
__Hintret                                    intret       000000
__Hintsave_regs                              intsave_regs 000000
__Hirdata                                    irdata       000000
__Hmediumconst                               mediumconst  010000
__HnvFARRAM                                  nvFARRAM     000000
__Hnvbit                                     nvbit        000000
__Hnvrram                                    nvrram       000000
__Hparam                                     rparam       000000
__Hpowerup                                   powerup      000000
__Hram                                       ram          000000
__Hramtop                                    ramtop       000E00
__Hrbit                                      rbit         000000
__Hrbss                                      rbss         000000
__Hrdata                                     rdata        000000
__Hreset_vec                                 reset_vec    000000
__Hrparam                                    rparam       000000
__Hsfr                                       sfr          000000
__Hsmallconst                                smallconst   000000
__Hspace_0                                   (abs)        0132CA
__Hspace_1                                   (abs)        0000B1
__Hspace_2                                   (abs)        000000
__Hspace_4                                   (abs)        60000C
__Hstack                                     stack        000000
__Hstruct                                    struct       000000
__Htemp                                      temp         000000
__Htext                                      text         000000
__Htext0                                     text0        000000
__Htext1                                     text1        000000
__Htext10                                    text10       000000
__Htext11                                    text11       000000
__Htext12                                    text12       000000
__Htext13                                    text13       000000
__Htext14                                    text14       000000
__Htext15                                    text15       000000
__Htext16                                    text16       000000
__Htext17                                    text17       000000
__Htext18                                    text18       000000
__Htext19                                    text19       000000
__Htext2                                     text2        000000
__Htext20                                    text20       000000
__Htext21                                    text21       000000
__Htext22                                    text22       000000
__Htext23                                    text23       000000
__Htext24                                    text24       000000
__Htext25                                    text25       000000
__Htext26                                    text26       000000
__Htext27                                    text27       000000
__Htext28                                    text28       000000
__Htext29                                    text29       000000
__Htext3                                     text3        000000
__Htext30                                    text30       000000
__Htext31                                    text31       000000
__Htext32                                    text32       000000
__Htext33                                    text33       000000
__Htext34                                    text34       000000
__Htext35                                    text35       000000
__Htext36                                    text36       000000
__Htext37                                    text37       000000
__Htext38                                    text38       000000
__Htext39                                    text39       000000
__Htext4                                     text4        000000
__Htext40                                    text40       000000
__Htext41                                    text41       000000
__Htext42                                    text42       000000
__Htext43                                    text43       000000
__Htext44                                    text44       000000
__Htext45                                    text45       000000
__Htext46                                    text46       000000
__Htext47                                    text47       000000
__Htext48                                    text48       000000
__Htext5                                     text5        000000
__Htext6                                     text6        000000
__Htext7                                     text7        000000
__Htext8                                     text8        000000
__Htext9                                     text9        000000
__LRAM                                       (abs)        000001
__Labs1                                      abs1         000000
__Lbank0                                     bank0        000000
__Lbank1                                     bank1        000000
__Lbank10                                    bank10       000000
__Lbank11                                    bank11       000000
__Lbank12                                    bank12       000000
__Lbank13                                    bank13       000000
__Lbank2                                     bank2        000000
__Lbank3                                     bank3        000000
__Lbank4                                     bank4        000000
__Lbank5                                     bank5        000000
__Lbank6                                     bank6        000000
__Lbank7                                     bank7        000000
__Lbank8                                     bank8        000000
__Lbank9                                     bank9        000000
__Lbigbss                                    bigbss       000000
__Lbigdata                                   bigdata      000000
__Lbigram                                    bigram       000000
__Lbss                                       bss          000000
__LbssBANK0                                  bssBANK0     000000
__Lcinit                                     cinit        000000
__Lclrtext                                   clrtext      000000
__Lcomram                                    comram       000000
__Lconfig                                    config       000000
__Lconst                                     const        000000
__LcstackBANK0                               cstackBANK0  000000
__LcstackCOMRAM                              cstackCOMRAM 000000
__Ldata                                      data         000000
__LdataBANK0                                 dataBANK0    000000
__Leeprom_data                               eeprom_data  000000
__Lfarbss                                    farbss       000000
__Lfardata                                   fardata      000000
__Libigdata                                  ibigdata     000000
__Lidata                                     idata        000000
__LidataBANK0                                idataBANK0   000000
__Lidloc                                     idloc        000000
__Lifardata                                  ifardata     000000
__Linit                                      init         000000
__Lintcode                                   intcode      000000
__Lintcode_body                              intcode_body 000000
__Lintcodelo                                 intcodelo    000000
__Lintentry                                  intentry     000000
__Lintret                                    intret       000000
__Lintsave_regs                              intsave_regs 000000
__Lirdata                                    irdata       000000
__Lmediumconst                               mediumconst  00FC22
__LnvFARRAM                                  nvFARRAM     000000
__Lnvbit                                     nvbit        000000
__Lnvrram                                    nvrram       000000
__Lparam                                     rparam       000000
__Lpowerup                                   powerup      000000
__Lram                                       ram          000000
__Lramtop                                    ramtop       000E00
__Lrbit                                      rbit         000000
__Lrbss                                      rbss         000000
__Lrdata                                     rdata        000000
__Lreset_vec                                 reset_vec    000000
__Lrparam                                    rparam       000000
__Lsfr                                       sfr          000000
__Lsmallconst                                smallconst   000000
__Lspace_0                                   (abs)        000000
__Lspace_1                                   (abs)        000000
__Lspace_2                                   (abs)        000000
__Lspace_4                                   (abs)        000000
__Lstack                                     stack        000000
__Lstruct                                    struct       000000
__Ltemp                                      temp         000000
__Ltext                                      text         000000
__Ltext0                                     text0        000000
__Ltext1                                     text1        000000
__Ltext10                                    text10       000000
__Ltext11                                    text11       000000
__Ltext12                                    text12       000000
__Ltext13                                    text13       000000
__Ltext14                                    text14       000000
__Ltext15                                    text15       000000
__Ltext16                                    text16       000000
__Ltext17                                    text17       000000
__Ltext18                                    text18       000000
__Ltext19                                    text19       000000
__Ltext2                                     text2        000000
__Ltext20                                    text20       000000
__Ltext21                                    text21       000000
__Ltext22                                    text22       000000
__Ltext23                                    text23       000000
__Ltext24                                    text24       000000
__Ltext25                                    text25       000000
__Ltext26                                    text26       000000
__Ltext27                                    text27       000000
__Ltext28                                    text28       000000
__Ltext29                                    text29       000000
__Ltext3                                     text3        000000
__Ltext30                                    text30       000000
__Ltext31                                    text31       000000
__Ltext32                                    text32       000000
__Ltext33                                    text33       000000
__Ltext34                                    text34       000000
__Ltext35                                    text35       000000
__Ltext36                                    text36       000000
__Ltext37                                    text37       000000
__Ltext38                                    text38       000000
__Ltext39                                    text39       000000
__Ltext4                                     text4        000000
__Ltext40                                    text40       000000
__Ltext41                                    text41       000000
__Ltext42                                    text42       000000
__Ltext43                                    text43       000000
__Ltext44                                    text44       000000
__Ltext45                                    text45       000000
__Ltext46                                    text46       000000
__Ltext47                                    text47       000000
__Ltext48                                    text48       000000
__Ltext5                                     text5        000000
__Ltext6                                     text6        000000
__Ltext7                                     text7        000000
__Ltext8                                     text8        000000
__Ltext9                                     text9        000000
__S0                                         (abs)        0132CA
__S1                                         (abs)        0000B1
__S2                                         (abs)        000000
__S4                                         (abs)        000000
__S5                                         (abs)        000000
___aodiv                                     text37       0123EE
___aodiv@counter                             cstackCOMRAM 000011
___aodiv@dividend                            cstackCOMRAM 000001
___aodiv@divisor                             cstackCOMRAM 000009
___aodiv@quotient                            cstackCOMRAM 000013
___aodiv@sign                                cstackCOMRAM 000012
___aomod                                     text36       012576
___aomod@counter                             cstackCOMRAM 000011
___aomod@dividend                            cstackCOMRAM 000001
___aomod@divisor                             cstackCOMRAM 000009
___aomod@sign                                cstackCOMRAM 000012
___flmul                                     text44       0110F0
___flmul@a                                   cstackCOMRAM 000013
___flmul@aexp                                cstackCOMRAM 000020
___flmul@b                                   cstackCOMRAM 00000F
___flmul@bexp                                cstackCOMRAM 000021
___flmul@grs                                 cstackCOMRAM 00001C
___flmul@prod                                cstackCOMRAM 000022
___flmul@sign                                cstackCOMRAM 00001B
___flmul@temp                                cstackCOMRAM 000026
___fltol                                     text43       01283A
___fltol@exp1                                cstackCOMRAM 000031
___fltol@f1                                  cstackCOMRAM 000028
___fltol@sign1                               cstackCOMRAM 000030
___inthi_sp                                  stack        000000
___intlo_sp                                  stack        000000
___param_bank                                (abs)        000000
___rparam_used                               (abs)        000001
___sp                                        stack        000000
___wmul                                      text41       0131A8
___wmul@multiplicand                         cstackCOMRAM 000003
___wmul@multiplier                           cstackCOMRAM 000001
___wmul@product                              cstackCOMRAM 000005
___xxtofl                                    text42       012096
___xxtofl@arg                                cstackCOMRAM 00000B
___xxtofl@exp                                cstackCOMRAM 00000A
___xxtofl@sign                               cstackCOMRAM 000009
___xxtofl@val                                cstackCOMRAM 000001
__accesstop                                  (abs)        000060
__activetblptr                               (abs)        000003
__end_of_MAX17320_dump                       text19       010C74
__end_of_MAX17320_init                       text17       012E34
__end_of_MAX17320_read_word                  text45       012ED0
__end_of_MAX17320_write_word                 text18       012F56
__end_of_MAX17345_dump                       text8        01283A
__end_of_MAX17345_init                       text2        012BA0
__end_of_MAX17345_read_word                  text9        012A1E
__end_of_MAX17345_set_charge_current         text6        013256
__end_of_MAX17345_set_charge_voltage         text5        01323C
__end_of_MAX17345_set_input_current          text4        013222
__end_of_MAX17345_set_relearn_voltage        text3        013208
__end_of_MAX17345_write_word                 text7        012CB4
__end_of_SendCharUSB                         text34       012F98
__end_of___aodiv                             text37       012576
__end_of___aomod                             text36       0126DA
__end_of___flmul                             text44       01151A
__end_of___fltol                             text43       012940
__end_of___wmul                              text41       0131CE
__end_of___xxtofl                            text42       01224A
__end_of__initialization                     cinit        013152
__end_of_abs                                 text35       012FD8
__end_of_atoi                                text38       0123EE
__end_of_dtoa                                text28       0117FC
__end_of_fputc                               text32       012C36
__end_of_fputs                               text31       012F14
__end_of_i2c_ack                             text16       01327E
__end_of_i2c_nack                            text15       01326A
__end_of_i2c_read_byte                       text14       0131EE
__end_of_i2c_restart                         text13       0132B4
__end_of_i2c_start                           text12       0132A2
__end_of_i2c_stop                            text11       013290
__end_of_i2c_write_byte                      text10       013180
__end_of_isalpha                             text27       013014
__end_of_isdigit                             text40       0130BC
__end_of_islower                             text25       01304C
__end_of_isspace                             text39       012E86
__end_of_isupper                             text26       013084
__end_of_main                                text0        012D7C
__end_of_ow_read_word                        text48       011CF8
__end_of_ow_reset                            text47       012096
__end_of_ow_write_word                       text46       011EDE
__end_of_pad                                 text29       012AE4
__end_of_printf                              text20       0131A8
__end_of_putch                               text33       0132CA
__end_of_showText                            text1        013126
__end_of_strlen                              text30       0130F2
__end_of_toupper                             text24       012DDA
__end_of_vfpfcnvrt                           text22       0110F0
__end_of_vfprintf                            text21       012D1A
__end_of_xtoa                                text23       011AD4
__initialization                             cinit        013126
__mediumconst                                mediumconst  00FC22
__pbssBANK0                                  bssBANK0     000060
__pcinit                                     cinit        013126
__pcstackBANK0                               cstackBANK0  000088
__pcstackCOMRAM                              cstackCOMRAM 000001
__pdataBANK0                                 dataBANK0    0000A6
__pidataBANK0                                idataBANK0   0132B4
__pmediumconst                               mediumconst  00FC22
__ptext0                                     text0        012D1A
__ptext1                                     text1        0130F2
__ptext10                                    text10       013158
__ptext11                                    text11       01327E
__ptext12                                    text12       013290
__ptext13                                    text13       0132A2
__ptext14                                    text14       0131CE
__ptext15                                    text15       013256
__ptext16                                    text16       01326A
__ptext17                                    text17       012DDA
__ptext18                                    text18       012F14
__ptext19                                    text19       010000
__ptext2                                     text2        012AE4
__ptext20                                    text20       013180
__ptext21                                    text21       012CB4
__ptext22                                    text22       010C74
__ptext23                                    text23       0117FC
__ptext24                                    text24       012D7C
__ptext25                                    text25       013014
__ptext26                                    text26       01304C
__ptext27                                    text27       012FD8
__ptext28                                    text28       01151A
__ptext29                                    text29       012A1E
__ptext3                                     text3        0131EE
__ptext30                                    text30       0130BC
__ptext31                                    text31       012ED0
__ptext32                                    text32       012BA0
__ptext33                                    text33       0132C0
__ptext34                                    text34       012F56
__ptext35                                    text35       012F98
__ptext36                                    text36       012576
__ptext37                                    text37       0123EE
__ptext38                                    text38       01224A
__ptext39                                    text39       012E34
__ptext4                                     text4        013208
__ptext40                                    text40       013084
__ptext41                                    text41       0131A8
__ptext42                                    text42       012096
__ptext43                                    text43       01283A
__ptext44                                    text44       0110F0
__ptext45                                    text45       012E86
__ptext46                                    text46       011CF8
__ptext47                                    text47       011EDE
__ptext48                                    text48       011AD4
__ptext5                                     text5        013222
__ptext6                                     text6        01323C
__ptext7                                     text7        012C36
__ptext8                                     text8        0126DA
__ptext9                                     text9        012940
__ramtop                                     ramtop       000E00
__size_of_MAX17320_dump                      (abs)        000000
__size_of_MAX17320_init                      (abs)        000000
__size_of_MAX17320_read_word                 (abs)        000000
__size_of_MAX17320_write_word                (abs)        000000
__size_of_MAX17345_dump                      (abs)        000000
__size_of_MAX17345_init                      (abs)        000000
__size_of_MAX17345_read_word                 (abs)        000000
__size_of_MAX17345_set_charge_current        (abs)        000000
__size_of_MAX17345_set_charge_voltage        (abs)        000000
__size_of_MAX17345_set_input_current         (abs)        000000
__size_of_MAX17345_set_relearn_voltage       (abs)        000000
__size_of_MAX17345_write_word                (abs)        000000
__size_of_SendCharUSB                        (abs)        000000
__size_of___aodiv                            (abs)        000000
__size_of___aomod                            (abs)        000000
__size_of___flmul                            (abs)        000000
__size_of___fltol                            (abs)        000000
__size_of___wmul                             (abs)        000000
__size_of___xxtofl                           (abs)        000000
__size_of_abs                                (abs)        000000
__size_of_atoi                               (abs)        000000
__size_of_dtoa                               (abs)        000000
__size_of_fputc                              (abs)        000000
__size_of_fputs                              (abs)        000000
__size_of_i2c_ack                            (abs)        000000
__size_of_i2c_nack                           (abs)        000000
__size_of_i2c_read_byte                      (abs)        000000
__size_of_i2c_restart                        (abs)        000000
__size_of_i2c_start                          (abs)        000000
__size_of_i2c_stop                           (abs)        000000
__size_of_i2c_write_byte                     (abs)        000000
__size_of_isalpha                            (abs)        000000
__size_of_isdigit                            (abs)        000000
__size_of_islower                            (abs)        000000
__size_of_isspace                            (abs)        000000
__size_of_isupper                            (abs)        000000
__size_of_main                               (abs)        000000
__size_of_ow_read_word                       (abs)        000000
__size_of_ow_reset                           (abs)        000000
__size_of_ow_write_word                      (abs)        000000
__size_of_pad                                (abs)        000000
__size_of_printf                             (abs)        000000
__size_of_putch                              (abs)        000000
__size_of_showText                           (abs)        000000
__size_of_strlen                             (abs)        000000
__size_of_toupper                            (abs)        000000
__size_of_vfpfcnvrt                          (abs)        000000
__size_of_vfprintf                           (abs)        000000
__size_of_xtoa                               (abs)        000000
__smallconst                                 smallconst   000000
_abs                                         text35       012F98
_atoi                                        text38       01224A
_atoi$1681                                   cstackCOMRAM 000010
_atoi$1682                                   cstackCOMRAM 000014
_atoi$1683                                   cstackCOMRAM 000012
_dbuf                                        bssBANK0     000068
_dtoa                                        text28       01151A
_dtoa$1634                                   cstackCOMRAM 000030
_flags                                       bssBANK0     000066
_fputc                                       text32       012BA0
_fputs                                       text31       012ED0
_hello                                       dataBANK0    0000A6
_i2c_ack                                     text16       01326A
_i2c_nack                                    text15       013256
_i2c_read_byte                               text14       0131CE
_i2c_restart                                 text13       0132A2
_i2c_start                                   text12       013290
_i2c_stop                                    text11       01327E
_i2c_write_byte                              text10       013158
_isalpha                                     text27       012FD8
_isdigit                                     text40       013084
_islower                                     text25       013014
_isspace                                     text39       012E34
_isspace$1708                                cstackCOMRAM 000007
_isupper                                     text26       01304C
_main                                        text0        012D1A
_nout                                        bssBANK0     000060
_ow_read_word                                text48       011AD4
_ow_reset                                    text47       011EDE
_ow_write_word                               text46       011CF8
_pad                                         text29       012A1E
_prec                                        bssBANK0     000064
_printf                                      text20       013180
_putch                                       text33       0132C0
_showText                                    text1        0130F2
_strlen                                      text30       0130BC
_toupper                                     text24       012D7C
_toupper$1757                                cstackCOMRAM 00000D
_vfpfcnvrt                                   text22       010C74
_vfpfcnvrt$1660                              cstackBANK0  00009A
_vfprintf                                    text21       012CB4
_width                                       bssBANK0     000062
_xtoa                                        text23       0117FC
_xtoa$1645                                   cstackCOMRAM 000031
_xtoa$1646                                   cstackCOMRAM 000033
abs@a                                        cstackCOMRAM 000013
atoi@n                                       cstackCOMRAM 000015
atoi@neg                                     cstackCOMRAM 00000E
atoi@s                                       cstackCOMRAM 000008
dtoa@d                                       cstackCOMRAM 000020
dtoa@fp                                      cstackCOMRAM 00001E
dtoa@i                                       cstackCOMRAM 000040
dtoa@n                                       cstackCOMRAM 000038
dtoa@p                                       cstackCOMRAM 000032
dtoa@s                                       cstackCOMRAM 000036
dtoa@w                                       cstackCOMRAM 000034
end_of_initialization                        cinit        013152
fputc@c                                      cstackCOMRAM 000003
fputc@fp                                     cstackCOMRAM 000005
fputs@c                                      cstackCOMRAM 000010
fputs@fp                                     cstackCOMRAM 00000E
fputs@i                                      cstackCOMRAM 000011
fputs@s                                      cstackCOMRAM 00000C
i2c_read_byte@data                           cstackCOMRAM 000001
i2c_write_byte@data                          cstackCOMRAM 000001
intlevel0                                    text         000000
intlevel1                                    text         000000
intlevel2                                    text         000000
intlevel3                                    text         000000
isalpha@c                                    cstackCOMRAM 000001
isdigit@c                                    cstackCOMRAM 000001
islower@c                                    cstackCOMRAM 000001
isspace@c                                    cstackCOMRAM 000001
isupper@c                                    cstackCOMRAM 000001
ow_read_word@H                               cstackCOMRAM 000005
ow_read_word@L                               cstackCOMRAM 000006
ow_reset@r                                   cstackCOMRAM 000001
ow_write_word@data                           cstackCOMRAM 000001
pad@buf                                      cstackCOMRAM 000015
pad@fp                                       cstackCOMRAM 000013
pad@i                                        cstackCOMRAM 00001A
pad@p                                        cstackCOMRAM 000017
pad@w                                        cstackCOMRAM 00001C
printf@ap                                    cstackBANK0  00009F
printf@fmt                                   cstackCOMRAM 000057
putch@data                                   cstackCOMRAM 000002
showText@t                                   cstackCOMRAM 000002
stackhi                                      (abs)        000DE9
stacklo                                      (abs)        0000B1
start                                        init         000000
start_initialization                         cinit        013126
strlen@a                                     cstackCOMRAM 000003
strlen@s                                     cstackCOMRAM 000001
toupper@c                                    cstackCOMRAM 000007
vfpfcnvrt@ap                                 cstackCOMRAM 000049
vfpfcnvrt@c                                  cstackBANK0  00009C
vfpfcnvrt@done                               cstackBANK0  000098
vfpfcnvrt@fmt                                cstackCOMRAM 000047
vfpfcnvrt@fp                                 cstackCOMRAM 000045
vfpfcnvrt@ll                                 cstackBANK0  000088
vfpfcnvrt@llu                                cstackBANK0  000090
vfprintf@ap                                  cstackCOMRAM 000053
vfprintf@cfmt                                cstackCOMRAM 000055
vfprintf@fmt                                 cstackCOMRAM 000051
vfprintf@fp                                  cstackCOMRAM 00004F
xtoa@c                                       cstackCOMRAM 000043
xtoa@d                                       cstackCOMRAM 000020
xtoa@fp                                      cstackCOMRAM 00001E
xtoa@i                                       cstackCOMRAM 000041
xtoa@n                                       cstackCOMRAM 000039
xtoa@p                                       cstackCOMRAM 000035
xtoa@w                                       cstackCOMRAM 000037
xtoa@x                                       cstackCOMRAM 000028


FUNCTION INFORMATION:

 *************** function _main *****************
 Defined at:
		line 104 in file "newmain.c"
 Parameters:    Size  Location     Type
		None
 Auto vars:     Size  Location     Type
		None
 Return value:  Size  Location     Type
                  1    wreg      void 
 Registers used:
		wreg, fsr1l, fsr1h, fsr2l, fsr2h, status,2, status,0, tblptrl, tblptrh, tblptru, prodl, prodh, cstack
 Tracked objects:
		On entry : 
		On exit  : 
		Unchanged: 
 Data sizes:     COMRAM   BANK0   BANK1   BANK2   BANK3   BANK4   BANK5   BANK6   BANK7   BANK8   BANK9  BANK10  BANK11  BANK12  BANK13
      Params:         0       0       0       0       0       0       0       0       0       0       0       0       0       0       0
      Locals:         0       0       0       0       0       0       0       0       0       0       0       0       0       0       0
      Temps:          0       0       0       0       0       0       0       0       0       0       0       0       0       0       0
      Totals:         0       0       0       0       0       0       0       0       0       0       0       0       0       0       0
Total ram usage:        0 bytes
 Hardware stack levels required when called:   11
 This function calls:
		_MAX17320_dump
		_MAX17320_init
		_MAX17345_dump
		_MAX17345_init
		_showText
 This function is called by:
		Startup code after reset
 This function uses a non-reentrant model


 *************** function _showText *****************
 Defined at:
		line 178 in file "newmain.c"
 Parameters:    Size  Location     Type
  t               2    1[COMRAM] PTR unsigned char 
		 -> hello(11), 
 Auto vars:     Size  Location     Type
		None
 Return value:  Size  Location     Type
                  1    wreg      void 
 Registers used:
		wreg, fsr2l, fsr2h, status,2, status,0, cstack
 Tracked objects:
		On entry : 
		On exit  : 
		Unchanged: 
 Data sizes:     COMRAM   BANK0   BANK1   BANK2   BANK3   BANK4   BANK5   BANK6   BANK7   BANK8   BANK9  BANK10  BANK11  BANK12  BANK13
      Params:         2       0       0       0       0       0       0       0       0       0       0       0       0       0       0
      Locals:         0       0       0       0       0       0       0       0       0       0       0       0       0       0       0
      Temps:          0       0       0       0       0       0       0       0       0       0       0       0       0       0       0
      Totals:         2       0       0       0       0       0       0       0       0       0       0       0       0       0       0
Total ram usage:        2 bytes
 Hardware stack levels used:    1
 Hardware stack levels required when called:    1
 This function calls:
		_SendCharUSB
 This function is called by:
		_main
 This function uses a non-reentrant model


 *************** function _MAX17345_init *****************
 Defined at:
		line 166 in file "MAX17435.c"
 Parameters:    Size  Location     Type
		None
 Auto vars:     Size  Location     Type
  data            2    0        unsigned short 
  r               1   92[COMRAM] unsigned char 
 Return value:  Size  Location     Type
                  1    wreg      unsigned char 
 Registers used:
		wreg, fsr1l, fsr1h, fsr2l, fsr2h, status,2, status,0, tblptrl, tblptrh, tblptru, prodl, prodh, cstack
 Tracked objects:
		On entry : 
		On exit  : 
		Unchanged: 
 Data sizes:     COMRAM   BANK0   BANK1   BANK2   BANK3   BANK4   BANK5   BANK6   BANK7   BANK8   BANK9  BANK10  BANK11  BANK12  BANK13
      Params:         0       0       0       0       0       0       0       0       0       0       0       0       0       0       0
      Locals:         1       0       0       0       0       0       0       0       0       0       0       0       0       0       0
      Temps:          0       0       0       0       0       0       0       0       0       0       0       0       0       0       0
      Totals:         1       0       0       0       0       0       0       0       0       0       0       0       0       0       0
Total ram usage:        1 bytes
 Hardware stack levels used:    1
 Hardware stack levels required when called:   10
 This function calls:
		_MAX17345_dump
		_MAX17345_set_charge_current
		_MAX17345_set_charge_voltage
		_MAX17345_set_input_current
		_MAX17345_set_relearn_voltage
 This function is called by:
		_main
 This function uses a non-reentrant model


 *************** function _MAX17345_set_relearn_voltage *****************
 Defined at:
		line 135 in file "MAX17435.c"
 Parameters:    Size  Location     Type
  relearn_volt    2    6[COMRAM] unsigned short 
 Auto vars:     Size  Location     Type
  r               1    8[COMRAM] unsigned char 
 Return value:  Size  Location     Type
                  1    wreg      unsigned char 
 Registers used:
		wreg, status,2, cstack
 Tracked objects:
		On entry : 
		On exit  : 
		Unchanged: 
 Data sizes:     COMRAM   BANK0   BANK1   BANK2   BANK3   BANK4   BANK5   BANK6   BANK7   BANK8   BANK9  BANK10  BANK11  BANK12  BANK13
      Params:         2       0       0       0       0       0       0       0       0       0       0       0       0       0       0
      Locals:         1       0       0       0       0       0       0       0       0       0       0       0       0       0       0
      Temps:          0       0       0       0       0       0       0       0       0       0       0       0       0       0       0
      Totals:         3       0       0       0       0       0       0       0       0       0       0       0       0       0       0
Total ram usage:        3 bytes
 Hardware stack levels used:    1
 Hardware stack levels required when called:    2
 This function calls:
		_MAX17345_write_word
 This function is called by:
		_MAX17345_init
 This function uses a non-reentrant model


 *************** function _MAX17345_set_input_current *****************
 Defined at:
		line 127 in file "MAX17435.c"
 Parameters:    Size  Location     Type
  input_curren    2    6[COMRAM] unsigned short 
 Auto vars:     Size  Location     Type
  r               1    8[COMRAM] unsigned char 
 Return value:  Size  Location     Type
                  1    wreg      unsigned char 
 Registers used:
		wreg, status,2, cstack
 Tracked objects:
		On entry : 
		On exit  : 
		Unchanged: 
 Data sizes:     COMRAM   BANK0   BANK1   BANK2   BANK3   BANK4   BANK5   BANK6   BANK7   BANK8   BANK9  BANK10  BANK11  BANK12  BANK13
      Params:         2       0       0       0       0       0       0       0       0       0       0       0       0       0       0
      Locals:         1       0       0       0       0       0       0       0       0       0       0       0       0       0       0
      Temps:          0       0       0       0       0       0       0       0       0       0       0       0       0       0       0
      Totals:         3       0       0       0       0       0       0       0       0       0       0       0       0       0       0
Total ram usage:        3 bytes
 Hardware stack levels used:    1
 Hardware stack levels required when called:    2
 This function calls:
		_MAX17345_write_word
 This function is called by:
		_MAX17345_init
 This function uses a non-reentrant model


 *************** function _MAX17345_set_charge_voltage *****************
 Defined at:
		line 119 in file "MAX17435.c"
 Parameters:    Size  Location     Type
  charge_volta    2    6[COMRAM] unsigned short 
 Auto vars:     Size  Location     Type
  r               1    8[COMRAM] unsigned char 
 Return value:  Size  Location     Type
                  1    wreg      unsigned char 
 Registers used:
		wreg, status,2, cstack
 Tracked objects:
		On entry : 
		On exit  : 
		Unchanged: 
 Data sizes:     COMRAM   BANK0   BANK1   BANK2   BANK3   BANK4   BANK5   BANK6   BANK7   BANK8   BANK9  BANK10  BANK11  BANK12  BANK13
      Params:         2       0       0       0       0       0       0       0       0       0       0       0       0       0       0
      Locals:         1       0       0       0       0       0       0       0       0       0       0       0       0       0       0
      Temps:          0       0       0       0       0       0       0       0       0       0       0       0       0       0       0
      Totals:         3       0       0       0       0       0       0       0       0       0       0       0       0       0       0
Total ram usage:        3 bytes
 Hardware stack levels used:    1
 Hardware stack levels required when called:    2
 This function calls:
		_MAX17345_write_word
 This function is called by:
		_MAX17345_init
 This function uses a non-reentrant model


 *************** function _MAX17345_set_charge_current *****************
 Defined at:
		line 111 in file "MAX17435.c"
 Parameters:    Size  Location     Type
  charge_curre    2    6[COMRAM] unsigned short 
 Auto vars:     Size  Location     Type
  r               1    8[COMRAM] unsigned char 
 Return value:  Size  Location     Type
                  1    wreg      unsigned char 
 Registers used:
		wreg, status,2, cstack
 Tracked objects:
		On entry : 
		On exit  : 
		Unchanged: 
 Data sizes:     COMRAM   BANK0   BANK1   BANK2   BANK3   BANK4   BANK5   BANK6   BANK7   BANK8   BANK9  BANK10  BANK11  BANK12  BANK13
      Params:         2       0       0       0       0       0       0       0       0       0       0       0       0       0       0
      Locals:         1       0       0       0       0       0       0       0       0       0       0       0       0       0       0
      Temps:          0       0       0       0       0       0       0       0       0       0       0       0       0       0       0
      Totals:         3       0       0       0       0       0       0       0       0       0       0       0       0       0       0
Total ram usage:        3 bytes
 Hardware stack levels used:    1
 Hardware stack levels required when called:    2
 This function calls:
		_MAX17345_write_word
 This function is called by:
		_MAX17345_init
 This function uses a non-reentrant model


 *************** function _MAX17345_write_word *****************
 Defined at:
		line 77 in file "MAX17435.c"
 Parameters:    Size  Location     Type
  command         2    1[COMRAM] unsigned short 
  data            2    3[COMRAM] unsigned short 
 Auto vars:     Size  Location     Type
  r               1    5[COMRAM] unsigned char 
 Return value:  Size  Location     Type
                  1    wreg      unsigned char 
 Registers used:
		wreg, status,2, cstack
 Tracked objects:
		On entry : 
		On exit  : 
		Unchanged: 
 Data sizes:     COMRAM   BANK0   BANK1   BANK2   BANK3   BANK4   BANK5   BANK6   BANK7   BANK8   BANK9  BANK10  BANK11  BANK12  BANK13
      Params:         4       0       0       0       0       0       0       0       0       0       0       0       0       0       0
      Locals:         1       0       0       0       0       0       0       0       0       0       0       0       0       0       0
      Temps:          0       0       0       0       0       0       0       0       0       0       0       0       0       0       0
      Totals:         5       0       0       0       0       0       0       0       0       0       0       0       0       0       0
Total ram usage:        5 bytes
 Hardware stack levels used:    1
 Hardware stack levels required when called:    1
 This function calls:
		_i2c_start
		_i2c_stop
		_i2c_write_byte
 This function is called by:
		_MAX17345_set_charge_current
		_MAX17345_set_charge_voltage
		_MAX17345_set_input_current
		_MAX17345_set_relearn_voltage
 This function uses a non-reentrant model


 *************** function _MAX17345_dump *****************
 Defined at:
		line 143 in file "MAX17435.c"
 Parameters:    Size  Location     Type
		None
 Auto vars:     Size  Location     Type
  data            2   27[BANK0 ] unsigned short 
 Return value:  Size  Location     Type
                  1    wreg      void 
 Registers used:
		wreg, fsr1l, fsr1h, fsr2l, fsr2h, status,2, status,0, tblptrl, tblptrh, tblptru, prodl, prodh, cstack
 Tracked objects:
		On entry : 
		On exit  : 
		Unchanged: 
 Data sizes:     COMRAM   BANK0   BANK1   BANK2   BANK3   BANK4   BANK5   BANK6   BANK7   BANK8   BANK9  BANK10  BANK11  BANK12  BANK13
      Params:         0       0       0       0       0       0       0       0       0       0       0       0       0       0       0
      Locals:         0       4       0       0       0       0       0       0       0       0       0       0       0       0       0
      Temps:          0       0       0       0       0       0       0       0       0       0       0       0       0       0       0
      Totals:         0       4       0       0       0       0       0       0       0       0       0       0       0       0       0
Total ram usage:        4 bytes
 Hardware stack levels used:    1
 Hardware stack levels required when called:    9
 This function calls:
		_MAX17345_read_word
		___wmul
		_printf
 This function is called by:
		_MAX17345_init
		_main
 This function uses a non-reentrant model


 *************** function _MAX17345_read_word *****************
 Defined at:
		line 57 in file "MAX17435.c"
 Parameters:    Size  Location     Type
  command         2    2[COMRAM] unsigned short 
  data            2    4[COMRAM] PTR unsigned short 
		 -> MAX17345_dump@data(2), 
 Auto vars:     Size  Location     Type
  r               1   12[COMRAM] unsigned char 
  dataL           1   11[COMRAM] unsigned char 
  dataH           1   10[COMRAM] unsigned char 
 Return value:  Size  Location     Type
                  1    wreg      unsigned char 
 Registers used:
		wreg, fsr2l, fsr2h, status,2, status,0, cstack
 Tracked objects:
		On entry : 
		On exit  : 
		Unchanged: 
 Data sizes:     COMRAM   BANK0   BANK1   BANK2   BANK3   BANK4   BANK5   BANK6   BANK7   BANK8   BANK9  BANK10  BANK11  BANK12  BANK13
      Params:         4       0       0       0       0       0       0       0       0       0       0       0       0       0       0
      Locals:         3       0       0       0       0       0       0       0       0       0       0       0       0       0       0
      Temps:          4       0       0       0       0       0       0       0       0       0       0       0       0       0       0
      Totals:        11       0       0       0       0       0       0       0       0       0       0       0       0       0       0
Total ram usage:       11 bytes
 Hardware stack levels used:    1
 Hardware stack levels required when called:    1
 This function calls:
		_i2c_ack
		_i2c_nack
		_i2c_read_byte
		_i2c_restart
		_i2c_start
		_i2c_stop
		_i2c_write_byte
 This function is called by:
		_MAX17345_dump
		_MAX17345_get_Dev_ID
		_MAX17345_get_IINPVoltage
 This function uses a non-reentrant model


 *************** function _i2c_write_byte *****************
 Defined at:
		line 50 in file "MAX17435.c"
 Parameters:    Size  Location     Type
  data            1    wreg     unsigned char 
 Auto vars:     Size  Location     Type
  data            1    0[COMRAM] unsigned char 
 Return value:  Size  Location     Type
                  1    wreg      unsigned char 
 Registers used:
		wreg
 Tracked objects:
		On entry : 
		On exit  : 
		Unchanged: 
 Data sizes:     COMRAM   BANK0   BANK1   BANK2   BANK3   BANK4   BANK5   BANK6   BANK7   BANK8   BANK9  BANK10  BANK11  BANK12  BANK13
      Params:         0       0       0       0       0       0       0       0       0       0       0       0       0       0       0
      Locals:         1       0       0       0       0       0       0       0       0       0       0       0       0       0       0
      Temps:          0       0       0       0       0       0       0       0       0       0       0       0       0       0       0
      Totals:         1       0       0       0       0       0       0       0       0       0       0       0       0       0       0
Total ram usage:        1 bytes
 Hardware stack levels used:    1
 This function calls:
		Nothing
 This function is called by:
		_MAX17345_read_word
		_MAX17345_write_word
 This function uses a non-reentrant model


 *************** function _i2c_stop *****************
 Defined at:
		line 22 in file "MAX17435.c"
 Parameters:    Size  Location     Type
		None
 Auto vars:     Size  Location     Type
		None
 Return value:  Size  Location     Type
                  1    wreg      void 
 Registers used:
		None
 Tracked objects:
		On entry : 
		On exit  : 
		Unchanged: 
 Data sizes:     COMRAM   BANK0   BANK1   BANK2   BANK3   BANK4   BANK5   BANK6   BANK7   BANK8   BANK9  BANK10  BANK11  BANK12  BANK13
      Params:         0       0       0       0       0       0       0       0       0       0       0       0       0       0       0
      Locals:         0       0       0       0       0       0       0       0       0       0       0       0       0       0       0
      Temps:          0       0       0       0       0       0       0       0       0       0       0       0       0       0       0
      Totals:         0       0       0       0       0       0       0       0       0       0       0       0       0       0       0
Total ram usage:        0 bytes
 Hardware stack levels used:    1
 This function calls:
		Nothing
 This function is called by:
		_MAX17345_read_word
		_MAX17345_write_word
 This function uses a non-reentrant model


 *************** function _i2c_start *****************
 Defined at:
		line 10 in file "MAX17435.c"
 Parameters:    Size  Location     Type
		None
 Auto vars:     Size  Location     Type
		None
 Return value:  Size  Location     Type
                  1    wreg      void 
 Registers used:
		None
 Tracked objects:
		On entry : 
		On exit  : 
		Unchanged: 
 Data sizes:     COMRAM   BANK0   BANK1   BANK2   BANK3   BANK4   BANK5   BANK6   BANK7   BANK8   BANK9  BANK10  BANK11  BANK12  BANK13
      Params:         0       0       0       0       0       0       0       0       0       0       0       0       0       0       0
      Locals:         0       0       0       0       0       0       0       0       0       0       0       0       0       0       0
      Temps:          0       0       0       0       0       0       0       0       0       0       0       0       0       0       0
      Totals:         0       0       0       0       0       0       0       0       0       0       0       0       0       0       0
Total ram usage:        0 bytes
 Hardware stack levels used:    1
 This function calls:
		Nothing
 This function is called by:
		_MAX17345_read_word
		_MAX17345_write_word
 This function uses a non-reentrant model


 *************** function _i2c_restart *****************
 Defined at:
		line 16 in file "MAX17435.c"
 Parameters:    Size  Location     Type
		None
 Auto vars:     Size  Location     Type
		None
 Return value:  Size  Location     Type
                  1    wreg      void 
 Registers used:
		None
 Tracked objects:
		On entry : 
		On exit  : 
		Unchanged: 
 Data sizes:     COMRAM   BANK0   BANK1   BANK2   BANK3   BANK4   BANK5   BANK6   BANK7   BANK8   BANK9  BANK10  BANK11  BANK12  BANK13
      Params:         0       0       0       0       0       0       0       0       0       0       0       0       0       0       0
      Locals:         0       0       0       0       0       0       0       0       0       0       0       0       0       0       0
[...]
      Locals:         1       0       0       0       0       0       0       0       0       0       0       0       0       0       0
      Temps:          4       0       0       0       0       0       0       0       0       0       0       0       0       0       0
      Totals:         7       0       0       0       0       0       0       0       0       0       0       0       0       0       0
Total ram usage:        7 bytes
 Hardware stack levels used:    1
 This function calls:
		Nothing
 This function is called by:
		_atoi
 This function uses a non-reentrant model


 *************** function _isdigit *****************
 Defined at:
		line 5 in file "C:\Program Files\Microchip\xc8\v2.31\pic\sources\c99\common\isdigit.c"
 Parameters:    Size  Location     Type
  c               2    0[COMRAM] int 
 Auto vars:     Size  Location     Type
		None
 Return value:  Size  Location     Type
                  2    0[COMRAM] int 
 Registers used:
		wreg, status,2, status,0
 Tracked objects:
		On entry : 
		On exit  : 
		Unchanged: 
 Data sizes:     COMRAM   BANK0   BANK1   BANK2   BANK3   BANK4   BANK5   BANK6   BANK7   BANK8   BANK9  BANK10  BANK11  BANK12  BANK13
      Params:         2       0       0       0       0       0       0       0       0       0       0       0       0       0       0
      Locals:         0       0       0       0       0       0       0       0       0       0       0       0       0       0       0
      Temps:          4       0       0       0       0       0       0       0       0       0       0       0       0       0       0
      Totals:         6       0       0       0       0       0       0       0       0       0       0       0       0       0       0
Total ram usage:        6 bytes
 Hardware stack levels used:    1
 This function calls:
		Nothing
 This function is called by:
		_vfpfcnvrt
		_atoi
 This function uses a non-reentrant model


 *************** function ___wmul *****************
 Defined at:
		line 15 in file "C:\Program Files\Microchip\xc8\v2.31\pic\sources\c99\common\Umul16.c"
 Parameters:    Size  Location     Type
  multiplier      2    0[COMRAM] unsigned int 
  multiplicand    2    2[COMRAM] unsigned int 
 Auto vars:     Size  Location     Type
  product         2    4[COMRAM] unsigned int 
 Return value:  Size  Location     Type
                  2    0[COMRAM] unsigned int 
 Registers used:
		wreg, status,2, status,0, prodl, prodh
 Tracked objects:
		On entry : 
		On exit  : 
		Unchanged: 
 Data sizes:     COMRAM   BANK0   BANK1   BANK2   BANK3   BANK4   BANK5   BANK6   BANK7   BANK8   BANK9  BANK10  BANK11  BANK12  BANK13
      Params:         4       0       0       0       0       0       0       0       0       0       0       0       0       0       0
      Locals:         2       0       0       0       0       0       0       0       0       0       0       0       0       0       0
      Temps:          0       0       0       0       0       0       0       0       0       0       0       0       0       0       0
      Totals:         6       0       0       0       0       0       0       0       0       0       0       0       0       0       0
Total ram usage:        6 bytes
 Hardware stack levels used:    1
 This function calls:
		Nothing
 This function is called by:
		_MAX17345_dump
		_atoi
 This function uses a non-reentrant model


 *************** function ___xxtofl *****************
 Defined at:
		line 10 in file "C:\Program Files\Microchip\xc8\v2.31\pic\sources\c99\common\xxtofl.c"
 Parameters:    Size  Location     Type
  sign            1    wreg     unsigned char 
  val             4    0[COMRAM] long 
 Auto vars:     Size  Location     Type
  sign            1    8[COMRAM] unsigned char 
  arg             4   10[COMRAM] unsigned long 
  exp             1    9[COMRAM] unsigned char 
 Return value:  Size  Location     Type
                  4    0[COMRAM] unsigned char 
 Registers used:
		wreg, status,2, status,0
 Tracked objects:
		On entry : 
		On exit  : 
		Unchanged: 
 Data sizes:     COMRAM   BANK0   BANK1   BANK2   BANK3   BANK4   BANK5   BANK6   BANK7   BANK8   BANK9  BANK10  BANK11  BANK12  BANK13
      Params:         4       0       0       0       0       0       0       0       0       0       0       0       0       0       0
      Locals:         6       0       0       0       0       0       0       0       0       0       0       0       0       0       0
      Temps:          4       0       0       0       0       0       0       0       0       0       0       0       0       0       0
      Totals:        14       0       0       0       0       0       0       0       0       0       0       0       0       0       0
Total ram usage:       14 bytes
 Hardware stack levels used:    1
 This function calls:
		Nothing
 This function is called by:
		_MAX17320_dump
 This function uses a non-reentrant model


 *************** function ___fltol *****************
 Defined at:
		line 43 in file "C:\Program Files\Microchip\xc8\v2.31\pic\sources\c99\common\fltol.c"
 Parameters:    Size  Location     Type
  f1              4   39[COMRAM] unsigned char 
 Auto vars:     Size  Location     Type
  exp1            1   48[COMRAM] unsigned char 
  sign1           1   47[COMRAM] unsigned char 
 Return value:  Size  Location     Type
                  4   39[COMRAM] long 
 Registers used:
		wreg, status,2, status,0
 Tracked objects:
		On entry : 
		On exit  : 
		Unchanged: 
 Data sizes:     COMRAM   BANK0   BANK1   BANK2   BANK3   BANK4   BANK5   BANK6   BANK7   BANK8   BANK9  BANK10  BANK11  BANK12  BANK13
      Params:         4       0       0       0       0       0       0       0       0       0       0       0       0       0       0
      Locals:         2       0       0       0       0       0       0       0       0       0       0       0       0       0       0
      Temps:          4       0       0       0       0       0       0       0       0       0       0       0       0       0       0
      Totals:        10       0       0       0       0       0       0       0       0       0       0       0       0       0       0
Total ram usage:       10 bytes
 Hardware stack levels used:    1
 This function calls:
		Nothing
 This function is called by:
		_MAX17320_dump
 This function uses a non-reentrant model


 *************** function ___flmul *****************
 Defined at:
		line 8 in file "C:\Program Files\Microchip\xc8\v2.31\pic\sources\c99\common\sprcmul.c"
 Parameters:    Size  Location     Type
  b               4   14[COMRAM] long 
  a               4   18[COMRAM] long 
 Auto vars:     Size  Location     Type
  prod            4   33[COMRAM] struct .
  grs             4   27[COMRAM] unsigned long 
  temp            2   37[COMRAM] struct .
  bexp            1   32[COMRAM] unsigned char 
  aexp            1   31[COMRAM] unsigned char 
  sign            1   26[COMRAM] unsigned char 
 Return value:  Size  Location     Type
                  4   14[COMRAM] unsigned char 
 Registers used:
		wreg, status,2, status,0, prodl, prodh
 Tracked objects:
		On entry : 
		On exit  : 
		Unchanged: 
 Data sizes:     COMRAM   BANK0   BANK1   BANK2   BANK3   BANK4   BANK5   BANK6   BANK7   BANK8   BANK9  BANK10  BANK11  BANK12  BANK13
      Params:         8       0       0       0       0       0       0       0       0       0       0       0       0       0       0
      Locals:        13       0       0       0       0       0       0       0       0       0       0       0       0       0       0
      Temps:          4       0       0       0       0       0       0       0       0       0       0       0       0       0       0
      Totals:        25       0       0       0       0       0       0       0       0       0       0       0       0       0       0
Total ram usage:       25 bytes
 Hardware stack levels used:    1
 This function calls:
		Nothing
 This function is called by:
		_MAX17320_dump
 This function uses a non-reentrant model


 *************** function _MAX17320_read_word *****************
 Defined at:
		line 116 in file "MAX17320.c"
 Parameters:    Size  Location     Type
  address         2    6[COMRAM] unsigned short 
  data            2    8[COMRAM] PTR unsigned short 
		 -> MAX17320_dump@data(2), MAX17320_reset@data(2), MAX17320_get_SOC_percentage@SOC_16(2), MAX17320_init@data(2), 
 Auto vars:     Size  Location     Type
		None
 Return value:  Size  Location     Type
                  1    wreg      unsigned char 
 Registers used:
		wreg, fsr2l, fsr2h, status,2, status,0, cstack
 Tracked objects:
		On entry : 
		On exit  : 
		Unchanged: 
 Data sizes:     COMRAM   BANK0   BANK1   BANK2   BANK3   BANK4   BANK5   BANK6   BANK7   BANK8   BANK9  BANK10  BANK11  BANK12  BANK13
      Params:         4       0       0       0       0       0       0       0       0       0       0       0       0       0       0
      Locals:         0       0       0       0       0       0       0       0       0       0       0       0       0       0       0
      Temps:          0       0       0       0       0       0       0       0       0       0       0       0       0       0       0
      Totals:         4       0       0       0       0       0       0       0       0       0       0       0       0       0       0
Total ram usage:        4 bytes
 Hardware stack levels used:    1
 Hardware stack levels required when called:    1
 This function calls:
		_ow_read_word
		_ow_reset
		_ow_write_word
 This function is called by:
		_MAX17320_init
		_MAX17320_dump
		_MAX17320_get_SOC_percentage
		_MAX17320_get_capacity_remains
		_MAX17320_get_capacity_full
		_MAX17320_reset
 This function uses a non-reentrant model


 *************** function _ow_write_word *****************
 Defined at:
		line 77 in file "MAX17320.c"
 Parameters:    Size  Location     Type
  data            2    0[COMRAM] unsigned short 
 Auto vars:     Size  Location     Type
		None
 Return value:  Size  Location     Type
                  1    wreg      void 
 Registers used:
		wreg, status,2
 Tracked objects:
		On entry : 
		On exit  : 
		Unchanged: 
 Data sizes:     COMRAM   BANK0   BANK1   BANK2   BANK3   BANK4   BANK5   BANK6   BANK7   BANK8   BANK9  BANK10  BANK11  BANK12  BANK13
      Params:         2       0       0       0       0       0       0       0       0       0       0       0       0       0       0
      Locals:         0       0       0       0       0       0       0       0       0       0       0       0       0       0       0
      Temps:          0       0       0       0       0       0       0       0       0       0       0       0       0       0       0
      Totals:         2       0       0       0       0       0       0       0       0       0       0       0       0       0       0
Total ram usage:        2 bytes
 Hardware stack levels used:    1
 This function calls:
		Nothing
 This function is called by:
		_MAX17320_read_word
		_MAX17320_write_word
 This function uses a non-reentrant model


 *************** function _ow_reset *****************
 Defined at:
		line 44 in file "MAX17320.c"
 Parameters:    Size  Location     Type
		None
 Auto vars:     Size  Location     Type
  r               1    0[COMRAM] unsigned char 
 Return value:  Size  Location     Type
                  1    wreg      unsigned char 
 Registers used:
		wreg, status,2
 Tracked objects:
		On entry : 
		On exit  : 
		Unchanged: 
 Data sizes:     COMRAM   BANK0   BANK1   BANK2   BANK3   BANK4   BANK5   BANK6   BANK7   BANK8   BANK9  BANK10  BANK11  BANK12  BANK13
      Params:         0       0       0       0       0       0       0       0       0       0       0       0       0       0       0
      Locals:         1       0       0       0       0       0       0       0       0       0       0       0       0       0       0
      Temps:          0       0       0       0       0       0       0       0       0       0       0       0       0       0       0
      Totals:         1       0       0       0       0       0       0       0       0       0       0       0       0       0       0
Total ram usage:        1 bytes
 Hardware stack levels used:    1
 This function calls:
		Nothing
 This function is called by:
		_MAX17320_read_word
		_MAX17320_write_word
 This function uses a non-reentrant model


 *************** function _ow_read_word *****************
 Defined at:
		line 99 in file "MAX17320.c"
 Parameters:    Size  Location     Type
		None
 Auto vars:     Size  Location     Type
  L               1    5[COMRAM] unsigned char 
  H               1    4[COMRAM] unsigned char 
 Return value:  Size  Location     Type
                  2    0[COMRAM] unsigned short 
 Registers used:
		wreg, status,2, status,0
 Tracked objects:
		On entry : 
		On exit  : 
		Unchanged: 
 Data sizes:     COMRAM   BANK0   BANK1   BANK2   BANK3   BANK4   BANK5   BANK6   BANK7   BANK8   BANK9  BANK10  BANK11  BANK12  BANK13
      Params:         2       0       0       0       0       0       0       0       0       0       0       0       0       0       0
      Locals:         2       0       0       0       0       0       0       0       0       0       0       0       0       0       0
      Temps:          2       0       0       0       0       0       0       0       0       0       0       0       0       0       0
      Totals:         6       0       0       0       0       0       0       0       0       0       0       0       0       0       0
Total ram usage:        6 bytes
 Hardware stack levels used:    1
 This function calls:
		Nothing
 This function is called by:
		_MAX17320_read_word
 This function uses a non-reentrant model



MODULE INFORMATION

Module		Function		Class		Link	Load	Size
MAX17320.c
		_ow_reset      		CODE           	11EDE	0000	440
		_putch         		CODE           	132C0	0000	10
		_MAX17320_read_word		CODE           	12E86	0000	74
		_ow_read_word  		CODE           	11AD4	0000	548
		_ow_write_word 		CODE           	11CF8	0000	486
		_MAX17320_write_word		CODE           	12F14	0000	66
		_MAX17320_dump 		CODE           	10000	0000	3188
		_MAX17320_init 		CODE           	12DDA	0000	90

MAX17320.c estimated size: 4902

C:\Program Files\Microchip\xc8\v2.31\pic\sources\c99\common\isdigit.c
		_isdigit       		CODE           	13084	0000	56

C:\Program Files\Microchip\xc8\v2.31\pic\sources\c99\common\isdigit.c estimated size: 56

C:\Program Files\Microchip\xc8\v2.31\pic\sources\c99\common\nf_fputs.c
		_fputs         		CODE           	12ED0	0000	68

C:\Program Files\Microchip\xc8\v2.31\pic\sources\c99\common\nf_fputs.c estimated size: 68

C:\Program Files\Microchip\xc8\v2.31\pic\sources\c99\common\xxtofl.c
		___xxtofl      		CODE           	12096	0000	436

C:\Program Files\Microchip\xc8\v2.31\pic\sources\c99\common\xxtofl.c estimated size: 436

C:\Program Files\Microchip\xc8\v2.31\pic\sources\c99\common\printf.c
		_printf        		CODE           	13180	0000	40

C:\Program Files\Microchip\xc8\v2.31\pic\sources\c99\common\printf.c estimated size: 40

C:\Program Files\Microchip\xc8\v2.31\pic\sources\c99\common\aomod.c
		___aomod       		CODE           	12576	0000	356

C:\Program Files\Microchip\xc8\v2.31\pic\sources\c99\common\aomod.c estimated size: 356

C:\Program Files\Microchip\xc8\v2.31\pic\sources\c99\common\atoi.c
		_atoi          		CODE           	1224A	0000	420

C:\Program Files\Microchip\xc8\v2.31\pic\sources\c99\common\atoi.c estimated size: 420

C:\Program Files\Microchip\xc8\v2.31\pic\sources\c99\common\abs.c
		_abs           		CODE           	12F98	0000	64

C:\Program Files\Microchip\xc8\v2.31\pic\sources\c99\common\abs.c estimated size: 64

C:\Program Files\Microchip\xc8\v2.31\pic\sources\c99\common\strlen.c
		_strlen        		CODE           	130BC	0000	54

C:\Program Files\Microchip\xc8\v2.31\pic\sources\c99\common\strlen.c estimated size: 54

MAX17435.c
		_i2c_ack       		CODE           	1326A	0000	20
		_i2c_nack      		CODE           	13256	0000	20
		_MAX17345_set_relearn_voltage		CODE           	131EE	0000	26
		_i2c_start     		CODE           	13290	0000	18
		_MAX17345_write_word		CODE           	12C36	0000	126
		_i2c_restart   		CODE           	132A2	0000	18
		_MAX17345_dump 		CODE           	126DA	0000	352
		_MAX17345_init 		CODE           	12AE4	0000	188
		_MAX17345_set_input_current		CODE           	13208	0000	26
		_MAX17345_read_word		CODE           	12940	0000	222
		_i2c_stop      		CODE           	1327E	0000	18
		_MAX17345_set_charge_current		CODE           	1323C	0000	26
		_MAX17345_set_charge_voltage		CODE           	13222	0000	26
		_i2c_write_byte		CODE           	13158	0000	40
		_i2c_read_byte 		CODE           	131CE	0000	32

MAX17435.c estimated size: 1158

newmain.c
		_showText      		CODE           	130F2	0000	52
		_main          		CODE           	12D1A	0000	98
		_SendCharUSB   		CODE           	12F56	0000	66

newmain.c estimated size: 216

C:\Program Files\Microchip\xc8\v2.31\pic\sources\c99\common\isupper.c
		_isupper       		CODE           	1304C	0000	56

C:\Program Files\Microchip\xc8\v2.31\pic\sources\c99\common\isupper.c estimated size: 56

C:\Program Files\Microchip\xc8\v2.31\pic\sources\c99\common\aodiv.c
		___aodiv       		CODE           	123EE	0000	392

C:\Program Files\Microchip\xc8\v2.31\pic\sources\c99\common\aodiv.c estimated size: 392

C:\Program Files\Microchip\xc8\v2.31\pic\sources\c99\common\nf_fputc.c
		_fputc         		CODE           	12BA0	0000	150

C:\Program Files\Microchip\xc8\v2.31\pic\sources\c99\common\nf_fputc.c estimated size: 150

shared
		__initialization		CODE           	13126	0000	44

shared estimated size: 44

C:\Program Files\Microchip\xc8\v2.31\pic\sources\c99\common\islower.c
		_islower       		CODE           	13014	0000	56

C:\Program Files\Microchip\xc8\v2.31\pic\sources\c99\common\islower.c estimated size: 56

C:\Program Files\Microchip\xc8\v2.31\pic\sources\c99\common\sprcmul.c
		___flmul       		CODE           	110F0	0000	1066

C:\Program Files\Microchip\xc8\v2.31\pic\sources\c99\common\sprcmul.c estimated size: 1066

C:\Program Files\Microchip\xc8\v2.31\pic\sources\c99\common\doprnt.c
		_vfpfcnvrt     		CODE           	10C74	0000	1148
		_pad           		CODE           	12A1E	0000	198
		_dtoa          		CODE           	1151A	0000	738
		_vfprintf      		CODE           	12CB4	0000	102
		_xtoa          		CODE           	117FC	0000	728

C:\Program Files\Microchip\xc8\v2.31\pic\sources\c99\common\doprnt.c estimated size: 2914

C:\Program Files\Microchip\xc8\v2.31\pic\sources\c99\common\fltol.c
		___fltol       		CODE           	1283A	0000	262

C:\Program Files\Microchip\xc8\v2.31\pic\sources\c99\common\fltol.c estimated size: 262

C:\Program Files\Microchip\xc8\v2.31\pic\sources\c99\common\toupper.c
		_toupper       		CODE           	12D7C	0000	94

C:\Program Files\Microchip\xc8\v2.31\pic\sources\c99\common\toupper.c estimated size: 94

C:\Program Files\Microchip\xc8\v2.31\pic\sources\c99\common\isalpha.c
		_isalpha       		CODE           	12FD8	0000	60

C:\Program Files\Microchip\xc8\v2.31\pic\sources\c99\common\isalpha.c estimated size: 60

C:\Program Files\Microchip\xc8\v2.31\pic\sources\c99\common\isspace.c
		_isspace       		CODE           	12E34	0000	82

C:\Program Files\Microchip\xc8\v2.31\pic\sources\c99\common\isspace.c estimated size: 82

C:\Program Files\Microchip\xc8\v2.31\pic\sources\c99\common\Umul16.c
		___wmul        		CODE           	131A8	0000	38

C:\Program Files\Microchip\xc8\v2.31\pic\sources\c99\common\Umul16.c estimated size: 38

