Microchip MPLAB XC8 Compiler V2.32

Linker command line:

-W-3 --edf=C:\Program Files\Microchip\xc8\v2.32\pic\dat\en_msgs.txt -cn \
  -h+dist/default/production\Rear.X.production.sym \
  --cmf=dist/default/production\Rear.X.production.cmf -z -Q18LF67K40 \
  -oC:\Users\imada\AppData\Local\Temp\xcAs924.4 --defsym=__MPLAB_BUILD=1 \
  -Mdist/default/production/Rear.X.production.map -E1 -ver=XC8 Compiler \
  --acfsm=1493 -ASTACK=0ACh-0DE9h -pstack=STACK -ACODE=00h-01FFFFh \
  -ACONST=00h-01FFFFh -ASMALLCONST=0E00h-0EFFhx498 \
  -AMEDIUMCONST=0E00h-0FFFFh,010E00h-01FFFFh -ACOMRAM=01h-05Fh \
  -AABS1=00h-0DE9h -ABIGRAM=01h-0DE9h \
  -ARAM=060h-0FFh,0100h-01FFhx12,0D00h-0DE9h -ABANK0=060h-0FFh \
  -ABANK1=0100h-01FFh -ABANK2=0200h-02FFh -ABANK3=0300h-03FFh \
  -ABANK4=0400h-04FFh -ABANK5=0500h-05FFh -ABANK6=0600h-06FFh \
  -ABANK7=0700h-07FFh -ABANK8=0800h-08FFh -ABANK9=0900h-09FFh \
  -ABANK10=0A00h-0AFFh -ABANK11=0B00h-0BFFh -ABANK12=0C00h-0CFFh \
  -ABANK13=0D00h-0DE9h \
  -ASFR=0DEFh-0DFFh,0E00h-0EFFh,0F00h-0F5Fh,0F60h-0FFFh \
  -ACONFIG=0300000h-030000Bh -AIDLOC=0200000h-020000Fh \
  -AEEDATA=0310000h-03103FFh -peeprom_data=EEDATA \
  -preset_vec=00h,intcode,intcodelo,powerup,init -pramtop=0E00h \
  -psmallconst=SMALLCONST -pmediumconst=MEDIUMCONST -pconst=CONST \
  -AFARRAM=00h-00h \
  -prdata=COMRAM,nvrram=COMRAM,nvbit=COMRAM,rbss=COMRAM,rbit=COMRAM \
  -pfarbss=FARRAM,fardata=FARRAM,nvFARRAM=FARRAM \
  -pintsave_regs=BIGRAM,bigbss=BIGRAM,bigdata=BIGRAM -pbss=RAM \
  -pidata=CODE,irdata=CODE,ibigdata=CODE,ifardata=CODE -prparam=COMRAM \
  C:\Users\imada\AppData\Local\Temp\xcAs924.o \
  dist/default/production\Rear.X.production.o 

Object code version is 3.11

Machine type is 18LF67K40



                Name                               Link     Load   Length Selector   Space Scale
C:\Users\imada\AppData\Local\Temp\xcAs924.o
                idloc                            200000   200000       10        0       5
                config                           300000   300000        C        0       4
                init                                  0        0        4        0       0
dist/default/production\Rear.X.production.o
                idloc                            200000   200000       10        0       5
                config                           300000   300000        C        0       4
                mediumconst                        FD12     FD12      2EE     7E89       0
                text38                            1188A    1188A       14     8000       0
                text37                            11876    11876       14     8000       0
                text36                            117EE    117EE       20     8000       0
                text35                            118C2    118C2       12     8000       0
                text34                            118B0    118B0       12     8000       0
                text33                            1189E    1189E       12     8000       0
                text32                            1177A    1177A       28     8000       0
                text31                            11026    11026       DE     8000       0
                text30                            117C8    117C8       26     8000       0
                text29                            116A6    116A6       38     8000       0
                text28                            114E2    114E2       52     8000       0
                text27                            10A36    10A36      1A4     8000       0
                text26                            10BDA    10BDA      188     8000       0
                text25                            10D62    10D62      164     8000       0
                text24                            115BA    115BA       40     8000       0
                text23                            11578    11578       42     8000       0
                text22                            118E0    118E0        A     8C70       0
                text21                            11286    11286       96     8000       0
                text20                            11534    11534       44     8000       0
                text19                            116DE    116DE       36     8000       0
                text18                            11104    11104       C6     8000       0
                text17                            1047C    1047C      2E2     8000       0
                text16                            115FA    115FA       3C     8000       0
                text15                            1166E    1166E       38     8000       0
                text14                            11636    11636       38     8000       0
                text13                            11484    11484       5E     8000       0
                text12                            1075E    1075E      2D8     8000       0
                text11                            10000    10000      47C     8000       0
                text10                            1141E    1141E       66     8000       0
                text9                             117A2    117A2       26     8000       0
                text8                             10EC6    10EC6      160     8000       0
                text7                             113A0    113A0       7E     8000       0
                text6                             1185C    1185C       1A     8000       0
                text5                             11842    11842       1A     8000       0
                text4                             11828    11828       1A     8000       0
                text3                             1180E    1180E       1A     8000       0
                text2                             111CA    111CA       BC     8000       0
                text1                             11714    11714       34     8000       0
                text0                             1131C    1131C       84     8000       0
                cstackCOMRAM                          1        1       5F        1       1
                cstackBANK0                          88       88       19       60       1
                dataBANK0                            A1       A1        B       60       1
                bssBANK0                             60       60       28       60       1
                cinit                             11748    11748       32     8000       0
                idataBANK0                        118D4    118D4        B     8000       0

TOTAL           Name                               Link     Load   Length     Space
        CLASS   STACK          

        CLASS   CODE           
                init                                  0        0        4         0
                text38                            1188A    1188A       14         0
                text37                            11876    11876       14         0
                text36                            117EE    117EE       20         0
                text35                            118C2    118C2       12         0
                text34                            118B0    118B0       12         0
                text33                            1189E    1189E       12         0
                text32                            1177A    1177A       28         0
                text31                            11026    11026       DE         0
                text30                            117C8    117C8       26         0
                text29                            116A6    116A6       38         0
                text28                            114E2    114E2       52         0
                text27                            10A36    10A36      1A4         0
                text26                            10BDA    10BDA      188         0
                text25                            10D62    10D62      164         0
                text24                            115BA    115BA       40         0
                text23                            11578    11578       42         0
                text22                            118E0    118E0        A         0
                text21                            11286    11286       96         0
                text20                            11534    11534       44         0
                text19                            116DE    116DE       36         0
                text18                            11104    11104       C6         0
                text17                            1047C    1047C      2E2         0
                text16                            115FA    115FA       3C         0
                text15                            1166E    1166E       38         0
                text14                            11636    11636       38         0
                text13                            11484    11484       5E         0
                text12                            1075E    1075E      2D8         0
                text11                            10000    10000      47C         0
                text10                            1141E    1141E       66         0
                text9                             117A2    117A2       26         0
                text8                             10EC6    10EC6      160         0
                text7                             113A0    113A0       7E         0
                text6                             1185C    1185C       1A         0
                text5                             11842    11842       1A         0
                text4                             11828    11828       1A         0
                text3                             1180E    1180E       1A         0
                text2                             111CA    111CA       BC         0
                text1                             11714    11714       34         0
                text0                             1131C    1131C       84         0
                cinit                             11748    11748       32         0
                idataBANK0                        118D4    118D4        B         0

        CLASS   CONST          

        CLASS   SMALLCONST     

        CLASS   MEDIUMCONST    
                mediumconst                        FD12     FD12      2EE         0

        CLASS   COMRAM         
                cstackCOMRAM                          1        1       5F         1

        CLASS   ABS1           

        CLASS   BIGRAM         

        CLASS   RAM            

        CLASS   BANK0          
                cstackBANK0                          88       88       19         1
                dataBANK0                            A1       A1        B         1
                bssBANK0                             60       60       28         1

        CLASS   BANK1          

        CLASS   BANK2          

        CLASS   BANK3          

        CLASS   BANK4          

        CLASS   BANK5          

        CLASS   BANK6          

        CLASS   BANK7          

        CLASS   BANK8          

        CLASS   BANK9          

        CLASS   BANK10         

        CLASS   BANK11         

        CLASS   BANK12         

        CLASS   BANK13         

        CLASS   SFR            

        CLASS   CONFIG         
                config                           300000   300000        C         4

        CLASS   IDLOC          
                idloc                            200000   200000       10         5

        CLASS   EEDATA         

        CLASS   FARRAM         



SEGMENTS        Name                           Load    Length   Top    Selector   Space  Class

                reset_vec                      000000  000004  000004         0       0  CODE    
                cstackCOMRAM                   000001  00005F  000060         1       1  COMRAM  
                bssBANK0                       000060  00004C  0000AC        60       1  BANK0   
                mediumconst                    00FD12  0002EE  010000      7E89       0  MEDIUMCO
                text11                         010000  0018DF  0118DF      8000       0  CODE    
                text22                         0118E0  00000A  0118EA      8C70       0  CODE    


UNUSED ADDRESS RANGES

        Name                Unused          Largest block    Delta
        BANK0            0000AC-0000FF               54
        BANK1            000100-0001FF              100
        BANK10           000A00-000AFF              100
        BANK11           000B00-000BFF              100
        BANK12           000C00-000CFF              100
        BANK13           000D00-000DE9               EA
        BANK2            000200-0002FF              100
        BANK3            000300-0003FF              100
        BANK4            000400-0004FF              100
        BANK5            000500-0005FF              100
        BANK6            000600-0006FF              100
        BANK7            000700-0007FF              100
        BANK8            000800-0008FF              100
        BANK9            000900-0009FF              100
        BIGRAM           0000AC-000DE9              D3E
        CODE             000004-00FD11             FD0E
                         0118DF-0118DF                1
                         0118EA-01FFFF             E716
        CONST            000004-00FD11             FD0E
                         0118DF-0118DF                1
                         0118EA-01FFFF             E716
        EEDATA           310000-3103FF              400
        MEDIUMCONST      000E00-00FD11             EF12
                         0118DF-0118DF                1
                         0118EA-01FFFF             E716
        RAM              0000AC-000DE9              100
        SFR              000DEF-000FFF              100
        SMALLCONST       000E00-00FD11              100
                         0118DF-0118DF                1
                         0118EA-01FFFF              100
        STACK            0000AC-000DE9              D3E

                                  Symbol Table

?___aodiv                                    cstackCOMRAM 000001
?___aomod                                    cstackCOMRAM 000001
?___wmul                                     cstackCOMRAM 000001
?_abs                                        cstackCOMRAM 000013
?_atoi                                       cstackCOMRAM 000008
?_dtoa                                       cstackCOMRAM 00001E
?_isalpha                                    cstackCOMRAM 000001
?_isdigit                                    cstackCOMRAM 000001
?_islower                                    cstackCOMRAM 000001
?_isspace                                    cstackCOMRAM 000001
?_isupper                                    cstackCOMRAM 000001
?_pad                                        cstackCOMRAM 000013
?_printf                                     cstackCOMRAM 000057
?_strlen                                     cstackCOMRAM 000001
?_toupper                                    cstackCOMRAM 000007
?_vfpfcnvrt                                  cstackCOMRAM 000045
?_vfprintf                                   cstackCOMRAM 00004F
?_xtoa                                       cstackCOMRAM 00001E
MAX17345_dump@data                           cstackBANK0  00009F
MAX17345_init@r                              cstackCOMRAM 00005F
MAX17345_read_word@command                   cstackCOMRAM 000003
MAX17345_read_word@data                      cstackCOMRAM 000005
MAX17345_read_word@dataH                     cstackCOMRAM 00000B
MAX17345_read_word@dataL                     cstackCOMRAM 00000C
MAX17345_read_word@r                         cstackCOMRAM 00000D
MAX17345_set_charge_current@charge_current   cstackCOMRAM 000007
MAX17345_set_charge_current@r                cstackCOMRAM 000009
MAX17345_set_charge_voltage@charge_voltage   cstackCOMRAM 000007
MAX17345_set_charge_voltage@r                cstackCOMRAM 000009
MAX17345_set_input_current@input_current     cstackCOMRAM 000007
MAX17345_set_input_current@r                 cstackCOMRAM 000009
MAX17345_set_relearn_voltage@r               cstackCOMRAM 000009
MAX17345_set_relearn_voltage@relearn_voltage cstackCOMRAM 000007
MAX17345_write_word@command                  cstackCOMRAM 000002
MAX17345_write_word@data                     cstackCOMRAM 000004
MAX17345_write_word@r                        cstackCOMRAM 000006
SendCharUSB@d                                cstackCOMRAM 000001
_ANSELF                                      (abs)        000EB4
_ANSELFbits                                  (abs)        000EB4
_ANSELGbits                                  (abs)        000EBC
_BAUD5CON                                    (abs)        000EE2
_CCPTMRS1bits                                (abs)        000FAE
_INLVLCbits                                  (abs)        000E9E
_LATCbits                                    (abs)        000F7B
_LATD7                                       (abs)        007BE7
_LATF0                                       (abs)        007BF0
_MAX17345_dump                               text8        010EC6
_MAX17345_dump$2075                          cstackBANK0  00009D
_MAX17345_init                               text2        0111CA
_MAX17345_read_word                          text31       011026
_MAX17345_set_charge_current                 text6        01185C
_MAX17345_set_charge_voltage                 text5        011842
_MAX17345_set_input_current                  text4        011828
_MAX17345_set_relearn_voltage                text3        01180E
_MAX17345_write_word                         text7        0113A0
_ODCONCbits                                  (abs)        000EA0
_ODCONFbits                                  (abs)        000EB2
_OSCCON1                                     (abs)        000E43
_OSCFRQ                                      (abs)        000E49
_PIR4bits                                    (abs)        000E37
_PORTCbits                                   (abs)        000F8B
_PWM7CON                                     (abs)        000FA1
_PWM7DC                                      (abs)        000F9F
_RC3PPS                                      (abs)        000E65
_RC4PPS                                      (abs)        000E66
_RC5STA                                      (abs)        000EE0
_RE0PPS                                      (abs)        000E72
_RE1PPS                                      (abs)        000E73
_RF5                                         (abs)        007C75
_RF6                                         (abs)        007C76
_RF7                                         (abs)        007C77
_RG3PPS                                      (abs)        000E85
_RX5PPSbits                                  (abs)        000E17
_SP5BRGL                                     (abs)        000EDE
_SSP1ADD                                     (abs)        000F92
_SSP1BUF                                     (abs)        000F91
_SSP1CLKPPS                                  (abs)        000E19
_SSP1CON1                                    (abs)        000F95
_SSP1CON1bits                                (abs)        000F95
_SSP1CON2                                    (abs)        000F96
_SSP1CON2bits                                (abs)        000F96
_SSP1CON3                                    (abs)        000F97
_SSP1DATPPS                                  (abs)        000E1A
_SSP1STAT                                    (abs)        000F94
_SSP1STATbits                                (abs)        000F94
_SendCharUSB                                 text23       011578
_T2CLKCON                                    (abs)        000FBF
_T2CON                                       (abs)        000FBD
_T2PR                                        (abs)        000FBC
_TBLPTRU                                     (abs)        000FF8
_TRISAbits                                   (abs)        000F81
_TRISCbits                                   (abs)        000F83
_TRISDbits                                   (abs)        000F84
_TRISEbits                                   (abs)        000F85
_TRISFbits                                   (abs)        000F86
_TRISGbits                                   (abs)        000F87
_TX5REG                                      (abs)        000EDD
_TX5STA                                      (abs)        000EE1
_WPUC                                        (abs)        000EA1
_WPUCbits                                    (abs)        000EA1
_WPUE                                        (abs)        000EAE
_WREG                                        (abs)        000FE8
__HRAM                                       (abs)        000000
__Habs1                                      abs1         000000
__Hbank0                                     bank0        000000
__Hbank1                                     bank1        000000
__Hbank10                                    bank10       000000
__Hbank11                                    bank11       000000
__Hbank12                                    bank12       000000
__Hbank13                                    bank13       000000
__Hbank2                                     bank2        000000
__Hbank3                                     bank3        000000
__Hbank4                                     bank4        000000
__Hbank5                                     bank5        000000
__Hbank6                                     bank6        000000
__Hbank7                                     bank7        000000
__Hbank8                                     bank8        000000
__Hbank9                                     bank9        000000
__Hbigbss                                    bigbss       000000
__Hbigdata                                   bigdata      000000
__Hbigram                                    bigram       000000
__Hbss                                       bss          000000
__HbssBANK0                                  bssBANK0     000000
__Hcinit                                     cinit        000000
__Hclrtext                                   clrtext      000000
__Hcomram                                    comram       000000
__Hconfig                                    config       30000C
__Hconst                                     const        000000
__HcstackBANK0                               cstackBANK0  000000
__HcstackCOMRAM                              cstackCOMRAM 000000
__Hdata                                      data         000000
__HdataBANK0                                 dataBANK0    000000
__Heeprom_data                               eeprom_data  000000
__Hfarbss                                    farbss       000000
__Hfardata                                   fardata      000000
__Hibigdata                                  ibigdata     000000
__Hidata                                     idata        000000
__HidataBANK0                                idataBANK0   000000
__Hidloc                                     idloc        200010
__Hifardata                                  ifardata     000000
__Hinit                                      init         000004
__Hintcode                                   intcode      000000
__Hintcode_body                              intcode_body 000000
__Hintcodelo                                 intcodelo    000000
__Hintentry                                  intentry     000000
__Hintret                                    intret       000000
__Hintsave_regs                              intsave_regs 000000
__Hirdata                                    irdata       000000
__Hmediumconst                               mediumconst  010000
__HnvFARRAM                                  nvFARRAM     000000
__Hnvbit                                     nvbit        000000
__Hnvrram                                    nvrram       000000
__Hparam                                     rparam       000000
__Hpowerup                                   powerup      000000
__Hram                                       ram          000000
__Hramtop                                    ramtop       000E00
__Hrbit                                      rbit         000000
__Hrbss                                      rbss         000000
__Hrdata                                     rdata        000000
__Hreset_vec                                 reset_vec    000000
__Hrparam                                    rparam       000000
__Hsfr                                       sfr          000000
__Hsmallconst                                smallconst   000000
__Hspace_0                                   (abs)        0118EA
__Hspace_1                                   (abs)        0000AC
__Hspace_2                                   (abs)        000000
__Hspace_4                                   (abs)        60000C
__Hstack                                     stack        000000
__Hstruct                                    struct       000000
__Htemp                                      temp         000000
__Htext                                      text         000000
__Htext0                                     text0        000000
__Htext1                                     text1        000000
__Htext10                                    text10       000000
__Htext11                                    text11       000000
__Htext12                                    text12       000000
__Htext13                                    text13       000000
__Htext14                                    text14       000000
__Htext15                                    text15       000000
__Htext16                                    text16       000000
__Htext17                                    text17       000000
__Htext18                                    text18       000000
__Htext19                                    text19       000000
__Htext2                                     text2        000000
__Htext20                                    text20       000000
__Htext21                                    text21       000000
__Htext22                                    text22       000000
__Htext23                                    text23       000000
__Htext24                                    text24       000000
__Htext25                                    text25       000000
__Htext26                                    text26       000000
__Htext27                                    text27       000000
__Htext28                                    text28       000000
__Htext29                                    text29       000000
__Htext3                                     text3        000000
__Htext30                                    text30       000000
__Htext31                                    text31       000000
__Htext32                                    text32       000000
__Htext33                                    text33       000000
__Htext34                                    text34       000000
__Htext35                                    text35       000000
__Htext36                                    text36       000000
__Htext37                                    text37       000000
__Htext38                                    text38       000000
__Htext4                                     text4        000000
__Htext5                                     text5        000000
__Htext6                                     text6        000000
__Htext7                                     text7        000000
__Htext8                                     text8        000000
__Htext9                                     text9        000000
__LRAM                                       (abs)        000001
__Labs1                                      abs1         000000
__Lbank0                                     bank0        000000
__Lbank1                                     bank1        000000
__Lbank10                                    bank10       000000
__Lbank11                                    bank11       000000
__Lbank12                                    bank12       000000
__Lbank13                                    bank13       000000
__Lbank2                                     bank2        000000
__Lbank3                                     bank3        000000
__Lbank4                                     bank4        000000
__Lbank5                                     bank5        000000
__Lbank6                                     bank6        000000
__Lbank7                                     bank7        000000
__Lbank8                                     bank8        000000
__Lbank9                                     bank9        000000
__Lbigbss                                    bigbss       000000
__Lbigdata                                   bigdata      000000
__Lbigram                                    bigram       000000
__Lbss                                       bss          000000
__LbssBANK0                                  bssBANK0     000000
__Lcinit                                     cinit        000000
__Lclrtext                                   clrtext      000000
__Lcomram                                    comram       000000
__Lconfig                                    config       000000
__Lconst                                     const        000000
__LcstackBANK0                               cstackBANK0  000000
__LcstackCOMRAM                              cstackCOMRAM 000000
__Ldata                                      data         000000
__LdataBANK0                                 dataBANK0    000000
__Leeprom_data                               eeprom_data  000000
__Lfarbss                                    farbss       000000
__Lfardata                                   fardata      000000
__Libigdata                                  ibigdata     000000
__Lidata                                     idata        000000
__LidataBANK0                                idataBANK0   000000
__Lidloc                                     idloc        000000
__Lifardata                                  ifardata     000000
__Linit                                      init         000000
__Lintcode                                   intcode      000000
__Lintcode_body                              intcode_body 000000
__Lintcodelo                                 intcodelo    000000
__Lintentry                                  intentry     000000
__Lintret                                    intret       000000
__Lintsave_regs                              intsave_regs 000000
__Lirdata                                    irdata       000000
__Lmediumconst                               mediumconst  00FD12
__LnvFARRAM                                  nvFARRAM     000000
__Lnvbit                                     nvbit        000000
__Lnvrram                                    nvrram       000000
__Lparam                                     rparam       000000
__Lpowerup                                   powerup      000000
__Lram                                       ram          000000
__Lramtop                                    ramtop       000E00
__Lrbit                                      rbit         000000
__Lrbss                                      rbss         000000
__Lrdata                                     rdata        000000
__Lreset_vec                                 reset_vec    000000
__Lrparam                                    rparam       000000
__Lsfr                                       sfr          000000
__Lsmallconst                                smallconst   000000
__Lspace_0                                   (abs)        000000
__Lspace_1                                   (abs)        000000
__Lspace_2                                   (abs)        000000
__Lspace_4                                   (abs)        000000
__Lstack                                     stack        000000
__Lstruct                                    struct       000000
__Ltemp                                      temp         000000
__Ltext                                      text         000000
__Ltext0                                     text0        000000
__Ltext1                                     text1        000000
__Ltext10                                    text10       000000
__Ltext11                                    text11       000000
__Ltext12                                    text12       000000
__Ltext13                                    text13       000000
__Ltext14                                    text14       000000
__Ltext15                                    text15       000000
__Ltext16                                    text16       000000
__Ltext17                                    text17       000000
__Ltext18                                    text18       000000
__Ltext19                                    text19       000000
__Ltext2                                     text2        000000
__Ltext20                                    text20       000000
__Ltext21                                    text21       000000
__Ltext22                                    text22       000000
__Ltext23                                    text23       000000
__Ltext24                                    text24       000000
__Ltext25                                    text25       000000
__Ltext26                                    text26       000000
__Ltext27                                    text27       000000
__Ltext28                                    text28       000000
__Ltext29                                    text29       000000
__Ltext3                                     text3        000000
__Ltext30                                    text30       000000
__Ltext31                                    text31       000000
__Ltext32                                    text32       000000
__Ltext33                                    text33       000000
__Ltext34                                    text34       000000
__Ltext35                                    text35       000000
__Ltext36                                    text36       000000
__Ltext37                                    text37       000000
__Ltext38                                    text38       000000
__Ltext4                                     text4        000000
__Ltext5                                     text5        000000
__Ltext6                                     text6        000000
__Ltext7                                     text7        000000
__Ltext8                                     text8        000000
__Ltext9                                     text9        000000
__S0                                         (abs)        0118EA
__S1                                         (abs)        0000AC
__S2                                         (abs)        000000
__S4                                         (abs)        000000
__S5                                         (abs)        000000
___aodiv                                     text26       010BDA
___aodiv@counter                             cstackCOMRAM 000011
___aodiv@dividend                            cstackCOMRAM 000001
___aodiv@divisor                             cstackCOMRAM 000009
___aodiv@quotient                            cstackCOMRAM 000013
___aodiv@sign                                cstackCOMRAM 000012
___aomod                                     text25       010D62
___aomod@counter                             cstackCOMRAM 000011
___aomod@dividend                            cstackCOMRAM 000001
___aomod@divisor                             cstackCOMRAM 000009
___aomod@sign                                cstackCOMRAM 000012
___inthi_sp                                  stack        000000
___intlo_sp                                  stack        000000
___param_bank                                (abs)        000000
___rparam_used                               (abs)        000001
___sp                                        stack        000000
___wmul                                      text30       0117C8
___wmul@multiplicand                         cstackCOMRAM 000003
___wmul@multiplier                           cstackCOMRAM 000001
___wmul@product                              cstackCOMRAM 000005
__accesstop                                  (abs)        000060
__activetblptr                               (abs)        000003
__end_of_MAX17345_dump                       text8        011026
__end_of_MAX17345_init                       text2        011286
__end_of_MAX17345_read_word                  text31       011104
__end_of_MAX17345_set_charge_current         text6        011876
__end_of_MAX17345_set_charge_voltage         text5        01185C
__end_of_MAX17345_set_input_current          text4        011842
__end_of_MAX17345_set_relearn_voltage        text3        011828
__end_of_MAX17345_write_word                 text7        01141E
__end_of_SendCharUSB                         text23       0115BA
__end_of___aodiv                             text26       010D62
__end_of___aomod                             text25       010EC6
__end_of___wmul                              text30       0117EE
__end_of__initialization                     cinit        011774
__end_of_abs                                 text24       0115FA
__end_of_atoi                                text27       010BDA
__end_of_dtoa                                text17       01075E
__end_of_fputc                               text21       01131C
__end_of_fputs                               text20       011578
__end_of_i2c_ack                             text38       01189E
__end_of_i2c_nack                            text37       01188A
__end_of_i2c_read_byte                       text36       01180E
__end_of_i2c_restart                         text35       0118D4
__end_of_i2c_start                           text34       0118C2
__end_of_i2c_stop                            text33       0118B0
__end_of_i2c_write_byte                      text32       0117A2
__end_of_isalpha                             text16       011636
__end_of_isdigit                             text29       0116DE
__end_of_islower                             text14       01166E
__end_of_isspace                             text28       011534
__end_of_isupper                             text15       0116A6
__end_of_main                                text0        0113A0
__end_of_pad                                 text18       0111CA
__end_of_printf                              text9        0117C8
__end_of_putch                               text22       0118EA
__end_of_showText                            text1        011748
__end_of_strlen                              text19       011714
__end_of_toupper                             text13       0114E2
__end_of_vfpfcnvrt                           text11       01047C
__end_of_vfprintf                            text10       011484
__end_of_xtoa                                text12       010A36
__initialization                             cinit        011748
__mediumconst                                mediumconst  00FD12
__pbssBANK0                                  bssBANK0     000060
__pcinit                                     cinit        011748
__pcstackBANK0                               cstackBANK0  000088
__pcstackCOMRAM                              cstackCOMRAM 000001
__pdataBANK0                                 dataBANK0    0000A1
__pidataBANK0                                idataBANK0   0118D4
__pmediumconst                               mediumconst  00FD12
__ptext0                                     text0        01131C
__ptext1                                     text1        011714
__ptext10                                    text10       01141E
__ptext11                                    text11       010000
__ptext12                                    text12       01075E
__ptext13                                    text13       011484
__ptext14                                    text14       011636
__ptext15                                    text15       01166E
__ptext16                                    text16       0115FA
__ptext17                                    text17       01047C
__ptext18                                    text18       011104
__ptext19                                    text19       0116DE
__ptext2                                     text2        0111CA
__ptext20                                    text20       011534
__ptext21                                    text21       011286
__ptext22                                    text22       0118E0
__ptext23                                    text23       011578
__ptext24                                    text24       0115BA
__ptext25                                    text25       010D62
__ptext26                                    text26       010BDA
__ptext27                                    text27       010A36
__ptext28                                    text28       0114E2
__ptext29                                    text29       0116A6
__ptext3                                     text3        01180E
__ptext30                                    text30       0117C8
__ptext31                                    text31       011026
__ptext32                                    text32       01177A
__ptext33                                    text33       01189E
__ptext34                                    text34       0118B0
__ptext35                                    text35       0118C2
__ptext36                                    text36       0117EE
__ptext37                                    text37       011876
__ptext38                                    text38       01188A
__ptext4                                     text4        011828
__ptext5                                     text5        011842
__ptext6                                     text6        01185C
__ptext7                                     text7        0113A0
__ptext8                                     text8        010EC6
__ptext9                                     text9        0117A2
__ramtop                                     ramtop       000E00
__size_of_MAX17345_dump                      (abs)        000000
__size_of_MAX17345_init                      (abs)        000000
__size_of_MAX17345_read_word                 (abs)        000000
__size_of_MAX17345_set_charge_current        (abs)        000000
__size_of_MAX17345_set_charge_voltage        (abs)        000000
__size_of_MAX17345_set_input_current         (abs)        000000
__size_of_MAX17345_set_relearn_voltage       (abs)        000000
__size_of_MAX17345_write_word                (abs)        000000
__size_of_SendCharUSB                        (abs)        000000
__size_of___aodiv                            (abs)        000000
__size_of___aomod                            (abs)        000000
__size_of___wmul                             (abs)        000000
__size_of_abs                                (abs)        000000
__size_of_atoi                               (abs)        000000
__size_of_dtoa                               (abs)        000000
__size_of_fputc                              (abs)        000000
__size_of_fputs                              (abs)        000000
__size_of_i2c_ack                            (abs)        000000
__size_of_i2c_nack                           (abs)        000000
__size_of_i2c_read_byte                      (abs)        000000
__size_of_i2c_restart                        (abs)        000000
__size_of_i2c_start                          (abs)        000000
__size_of_i2c_stop                           (abs)        000000
__size_of_i2c_write_byte                     (abs)        000000
__size_of_isalpha                            (abs)        000000
__size_of_isdigit                            (abs)        000000
__size_of_islower                            (abs)        000000
__size_of_isspace                            (abs)        000000
__size_of_isupper                            (abs)        000000
__size_of_main                               (abs)        000000
__size_of_pad                                (abs)        000000
__size_of_printf                             (abs)        000000
__size_of_putch                              (abs)        000000
__size_of_showText                           (abs)        000000
__size_of_strlen                             (abs)        000000
__size_of_toupper                            (abs)        000000
__size_of_vfpfcnvrt                          (abs)        000000
__size_of_vfprintf                           (abs)        000000
__size_of_xtoa                               (abs)        000000
__smallconst                                 smallconst   000000
_abs                                         text24       0115BA
_atoi                                        text27       010A36
_atoi$1728                                   cstackCOMRAM 000010
_atoi$1729                                   cstackCOMRAM 000014
_atoi$1730                                   cstackCOMRAM 000012
_dbuf                                        bssBANK0     000068
_dtoa                                        text17       01047C
_dtoa$1681                                   cstackCOMRAM 000030
_flags                                       bssBANK0     000066
_fputc                                       text21       011286
_fputs                                       text20       011534
_hello                                       dataBANK0    0000A1
_i2c_ack                                     text38       01188A
_i2c_nack                                    text37       011876
_i2c_read_byte                               text36       0117EE
_i2c_restart                                 text35       0118C2
_i2c_start                                   text34       0118B0
_i2c_stop                                    text33       01189E
_i2c_write_byte                              text32       01177A
_isalpha                                     text16       0115FA
_isdigit                                     text29       0116A6
_islower                                     text14       011636
_isspace                                     text28       0114E2
_isspace$1755                                cstackCOMRAM 000007
_isupper                                     text15       01166E
_main                                        text0        01131C
_nout                                        bssBANK0     000060
_pad                                         text18       011104
_prec                                        bssBANK0     000064
_printf                                      text9        0117A2
_putch                                       text22       0118E0
_showText                                    text1        011714
_strlen                                      text19       0116DE
_toupper                                     text13       011484
_toupper$1804                                cstackCOMRAM 00000D
_vfpfcnvrt                                   text11       010000
_vfpfcnvrt$1707                              cstackBANK0  00009A
_vfprintf                                    text10       01141E
_width                                       bssBANK0     000062
_xtoa                                        text12       01075E
_xtoa$1692                                   cstackCOMRAM 000031
_xtoa$1693                                   cstackCOMRAM 000033
abs@a                                        cstackCOMRAM 000013
atoi@n                                       cstackCOMRAM 000015
atoi@neg                                     cstackCOMRAM 00000E
atoi@s                                       cstackCOMRAM 000008
dtoa@d                                       cstackCOMRAM 000020
dtoa@fp                                      cstackCOMRAM 00001E
dtoa@i                                       cstackCOMRAM 000040
dtoa@n                                       cstackCOMRAM 000038
dtoa@p                                       cstackCOMRAM 000032
dtoa@s                                       cstackCOMRAM 000036
dtoa@w                                       cstackCOMRAM 000034
end_of_initialization                        cinit        011774
fputc@c                                      cstackCOMRAM 000003
fputc@fp                                     cstackCOMRAM 000005
fputs@c                                      cstackCOMRAM 000010
fputs@fp                                     cstackCOMRAM 00000E
fputs@i                                      cstackCOMRAM 000011
fputs@s                                      cstackCOMRAM 00000C
i2c_read_byte@data                           cstackCOMRAM 000001
i2c_write_byte@data                          cstackCOMRAM 000001
intlevel0                                    text         000000
intlevel1                                    text         000000
intlevel2                                    text         000000
intlevel3                                    text         000000
isa$std                                      (abs)        000001
isa$xinst                                    (abs)        000000
isalpha@c                                    cstackCOMRAM 000001
isdigit@c                                    cstackCOMRAM 000001
islower@c                                    cstackCOMRAM 000001
isspace@c                                    cstackCOMRAM 000001
isupper@c                                    cstackCOMRAM 000001
pad@buf                                      cstackCOMRAM 000015
pad@fp                                       cstackCOMRAM 000013
pad@i                                        cstackCOMRAM 00001A
pad@p                                        cstackCOMRAM 000017
pad@w                                        cstackCOMRAM 00001C
printf@ap                                    cstackCOMRAM 00005D
printf@fmt                                   cstackCOMRAM 000057
putch@data                                   cstackCOMRAM 000002
showText@t                                   cstackCOMRAM 000002
stackhi                                      (abs)        000DE9
stacklo                                      (abs)        0000AC
start                                        init         000000
start_initialization                         cinit        011748
strlen@a                                     cstackCOMRAM 000003
strlen@s                                     cstackCOMRAM 000001
toupper@c                                    cstackCOMRAM 000007
vfpfcnvrt@ap                                 cstackCOMRAM 000049
vfpfcnvrt@c                                  cstackBANK0  00009C
vfpfcnvrt@done                               cstackBANK0  000098
vfpfcnvrt@fmt                                cstackCOMRAM 000047
vfpfcnvrt@fp                                 cstackCOMRAM 000045
vfpfcnvrt@ll                                 cstackBANK0  000088
vfpfcnvrt@llu                                cstackBANK0  000090
vfprintf@ap                                  cstackCOMRAM 000053
vfprintf@cfmt                                cstackCOMRAM 000055
vfprintf@fmt                                 cstackCOMRAM 000051
vfprintf@fp                                  cstackCOMRAM 00004F
xtoa@c                                       cstackCOMRAM 000043
xtoa@d                                       cstackCOMRAM 000020
xtoa@fp                                      cstackCOMRAM 00001E
xtoa@i                                       cstackCOMRAM 000041
xtoa@n                                       cstackCOMRAM 000039
xtoa@p                                       cstackCOMRAM 000035
xtoa@w                                       cstackCOMRAM 000037
xtoa@x                                       cstackCOMRAM 000028


MODULE INFORMATION

Module		Function		Class		Link	Load	Size
C:\Program Files\Microchip\xc8\v2.32\pic\sources\c99\common\isdigit.c
		_isdigit       		CODE           	116A6	0000	56

C:\Program Files\Microchip\xc8\v2.32\pic\sources\c99\common\isdigit.c estimated size: 56

MAX17320.c
		_putch         		CODE           	118E0	0000	10

MAX17320.c estimated size: 10

C:\Program Files\Microchip\xc8\v2.32\pic\sources\c99\common\doprnt.c
		_vfpfcnvrt     		CODE           	10000	0000	1148
		_pad           		CODE           	11104	0000	198
		_dtoa          		CODE           	1047C	0000	738
		_vfprintf      		CODE           	1141E	0000	102
		_xtoa          		CODE           	1075E	0000	728

C:\Program Files\Microchip\xc8\v2.32\pic\sources\c99\common\doprnt.c estimated size: 2914

MAX17435.c
		_i2c_ack       		CODE           	1188A	0000	20
		_i2c_nack      		CODE           	11876	0000	20
		_MAX17345_set_relearn_voltage		CODE           	1180E	0000	26
		_i2c_start     		CODE           	118B0	0000	18
		_MAX17345_write_word		CODE           	113A0	0000	126
		_i2c_restart   		CODE           	118C2	0000	18
		_MAX17345_dump 		CODE           	10EC6	0000	352
		_MAX17345_init 		CODE           	111CA	0000	188
		_MAX17345_set_input_current		CODE           	11828	0000	26
		_MAX17345_read_word		CODE           	11026	0000	222
		_i2c_stop      		CODE           	1189E	0000	18
		_MAX17345_set_charge_current		CODE           	1185C	0000	26
		_MAX17345_set_charge_voltage		CODE           	11842	0000	26
		_i2c_write_byte		CODE           	1177A	0000	40
		_i2c_read_byte 		CODE           	117EE	0000	32

MAX17435.c estimated size: 1158

newmain.c
		_showText      		CODE           	11714	0000	52
		_main          		CODE           	1131C	0000	132
		_SendCharUSB   		CODE           	11578	0000	66

newmain.c estimated size: 250

C:\Program Files\Microchip\xc8\v2.32\pic\sources\c99\common\atoi.c
		_atoi          		CODE           	10A36	0000	420

C:\Program Files\Microchip\xc8\v2.32\pic\sources\c99\common\atoi.c estimated size: 420

C:\Program Files\Microchip\xc8\v2.32\pic\sources\c99\common\nf_fputs.c
		_fputs         		CODE           	11534	0000	68

C:\Program Files\Microchip\xc8\v2.32\pic\sources\c99\common\nf_fputs.c estimated size: 68

C:\Program Files\Microchip\xc8\v2.32\pic\sources\c99\common\isupper.c
		_isupper       		CODE           	1166E	0000	56

C:\Program Files\Microchip\xc8\v2.32\pic\sources\c99\common\isupper.c estimated size: 56

C:\Program Files\Microchip\xc8\v2.32\pic\sources\c99\common\Umul16.c
		___wmul        		CODE           	117C8	0000	38

C:\Program Files\Microchip\xc8\v2.32\pic\sources\c99\common\Umul16.c estimated size: 38

C:\Program Files\Microchip\xc8\v2.32\pic\sources\c99\common\abs.c
		_abs           		CODE           	115BA	0000	64

C:\Program Files\Microchip\xc8\v2.32\pic\sources\c99\common\abs.c estimated size: 64

C:\Program Files\Microchip\xc8\v2.32\pic\sources\c99\common\aomod.c
		___aomod       		CODE           	10D62	0000	356

C:\Program Files\Microchip\xc8\v2.32\pic\sources\c99\common\aomod.c estimated size: 356

C:\Program Files\Microchip\xc8\v2.32\pic\sources\c99\common\isspace.c
		_isspace       		CODE           	114E2	0000	82

C:\Program Files\Microchip\xc8\v2.32\pic\sources\c99\common\isspace.c estimated size: 82

C:\Program Files\Microchip\xc8\v2.32\pic\sources\c99\common\islower.c
		_islower       		CODE           	11636	0000	56

C:\Program Files\Microchip\xc8\v2.32\pic\sources\c99\common\islower.c estimated size: 56

shared
		__initialization		CODE           	11748	0000	44

shared estimated size: 44

C:\Program Files\Microchip\xc8\v2.32\pic\sources\c99\common\toupper.c
		_toupper       		CODE           	11484	0000	94

C:\Program Files\Microchip\xc8\v2.32\pic\sources\c99\common\toupper.c estimated size: 94

C:\Program Files\Microchip\xc8\v2.32\pic\sources\c99\common\isalpha.c
		_isalpha       		CODE           	115FA	0000	60

C:\Program Files\Microchip\xc8\v2.32\pic\sources\c99\common\isalpha.c estimated size: 60

C:\Program Files\Microchip\xc8\v2.32\pic\sources\c99\common\printf.c
		_printf        		CODE           	117A2	0000	38

C:\Program Files\Microchip\xc8\v2.32\pic\sources\c99\common\printf.c estimated size: 38

C:\Program Files\Microchip\xc8\v2.32\pic\sources\c99\common\nf_fputc.c
		_fputc         		CODE           	11286	0000	150

C:\Program Files\Microchip\xc8\v2.32\pic\sources\c99\common\nf_fputc.c estimated size: 150

C:\Program Files\Microchip\xc8\v2.32\pic\sources\c99\common\aodiv.c
		___aodiv       		CODE           	10BDA	0000	392

C:\Program Files\Microchip\xc8\v2.32\pic\sources\c99\common\aodiv.c estimated size: 392

C:\Program Files\Microchip\xc8\v2.32\pic\sources\c99\common\strlen.c
		_strlen        		CODE           	116DE	0000	54

C:\Program Files\Microchip\xc8\v2.32\pic\sources\c99\common\strlen.c estimated size: 54

